Component: ARM Compiler 5.06 update 6 (build 750) Tool: armlink [4d35ed]

==============================================================================

Section Cross References

    startup_stm32f10x_cl.o(STACK) refers (Special) to heapauxi.o(.text) for __use_two_region_memory
    startup_stm32f10x_cl.o(HEAP) refers (Special) to heapauxi.o(.text) for __use_two_region_memory
    startup_stm32f10x_cl.o(RESET) refers (Special) to heapauxi.o(.text) for __use_two_region_memory
    startup_stm32f10x_cl.o(RESET) refers to startup_stm32f10x_cl.o(STACK) for __initial_sp
    startup_stm32f10x_cl.o(RESET) refers to startup_stm32f10x_cl.o(.text) for Reset_Handler
    startup_stm32f10x_cl.o(RESET) refers to stm32f10x_it.o(.text) for NMI_Handler
    startup_stm32f10x_cl.o(RESET) refers to 485.o(.text) for USART3_IRQHandler
    startup_stm32f10x_cl.o(.text) refers (Special) to heapauxi.o(.text) for __use_two_region_memory
    startup_stm32f10x_cl.o(.text) refers to system_stm32f10x.o(.text) for SystemInit
    startup_stm32f10x_cl.o(.text) refers to __main.o(!!!main) for __main
    startup_stm32f10x_cl.o(.text) refers to startup_stm32f10x_cl.o(HEAP) for Heap_Mem
    startup_stm32f10x_cl.o(.text) refers to startup_stm32f10x_cl.o(STACK) for Stack_Mem
    main.o(.text) refers to _printf_percent.o(.ARM.Collect$$_printf_percent$$00000000) for _printf_percent
    main.o(.text) refers to _printf_d.o(.ARM.Collect$$_printf_percent$$00000009) for _printf_d
    main.o(.text) refers to _printf_x.o(.ARM.Collect$$_printf_percent$$0000000C) for _printf_x
    main.o(.text) refers to _printf_s.o(.ARM.Collect$$_printf_percent$$00000014) for _printf_s
    main.o(.text) refers to _printf_dec.o(.text) for _printf_int_dec
    main.o(.text) refers to _printf_hex_int.o(.text) for _printf_longlong_hex
    main.o(.text) refers to _printf_str.o(.text) for _printf_str
    main.o(.text) refers to noretval__2printf.o(.text) for __2printf
    main.o(.text) refers to bsp.o(.text) for bsp_init
    main.o(.text) refers to 485.o(.text) for Modbus_Master_Init
    main.o(.text) refers to usart.o(.text) for USART_STR
    main.o(.text) refers to key.o(.text) for KEY_Scan
    main.o(.text) refers to pbdata.o(.text) for delay_us
    stm32f10x_it.o(.text) refers to stm32f10x_usart.o(.text) for USART_GetITStatus
    bsp.o(.text) refers to system_stm32f10x.o(.text) for SystemInit
    bsp.o(.text) refers to led.o(.text) for LED_Config
    bsp.o(.text) refers to usart.o(.text) for USART_Configuration
    bsp.o(.text) refers to key.o(.text) for KEY_Init
    led.o(.text) refers to stm32f10x_rcc.o(.text) for RCC_APB2PeriphClockCmd
    led.o(.text) refers to stm32f10x_gpio.o(.text) for GPIO_Init
    usart.o(.text) refers (Special) to use_no_semi_2.o(.text) for __use_no_semihosting
    usart.o(.text) refers to stm32f10x_rcc.o(.text) for RCC_APB2PeriphClockCmd
    usart.o(.text) refers to stm32f10x_gpio.o(.text) for GPIO_Init
    usart.o(.text) refers to stm32f10x_usart.o(.text) for USART_DeInit
    usart.o(.text) refers to misc.o(.text) for NVIC_PriorityGroupConfig
    usart.o(.text) refers to strlen.o(.text) for strlen
    usart.o(.data) refers (Special) to use_no_semi_2.o(.text) for __use_no_semihosting
    485.o(.text) refers to stm32f10x_usart.o(.text) for USART_Init
    485.o(.text) refers to misc.o(.text) for NVIC_PriorityGroupConfig
    485.o(.text) refers to stm32f10x_rcc.o(.text) for RCC_APB1PeriphClockCmd
    485.o(.text) refers to stm32f10x_gpio.o(.text) for GPIO_Init
    485.o(.text) refers to modbus_crc.o(.text) for crc16tablefast
    485.o(.text) refers to pbdata.o(.text) for delay
    485.o(.text) refers to 485.o(.data) for all_tick_ms
    485.o(.text) refers to 485.o(.bss) for master_tx
    key.o(.text) refers to stm32f10x_rcc.o(.text) for RCC_APB2PeriphClockCmd
    key.o(.text) refers to stm32f10x_gpio.o(.text) for GPIO_PinRemapConfig
    key.o(.text) refers to pbdata.o(.text) for delay_ms
    key.o(.text) refers to key.o(.data) for key_up
    modbus_crc.o(.text) refers to modbus_crc.o(.constdata) for crctablehi
    stm32f10x_rcc.o(.text) refers to stm32f10x_rcc.o(.data) for APBAHBPrescTable
    stm32f10x_gpio.o(.text) refers to stm32f10x_rcc.o(.text) for RCC_APB2PeriphResetCmd
    stm32f10x_usart.o(.text) refers to stm32f10x_rcc.o(.text) for RCC_APB2PeriphResetCmd
    stm32f10x_can.o(.text) refers to stm32f10x_rcc.o(.text) for RCC_APB1PeriphResetCmd
    stm32f10x_tim.o(.text) refers to stm32f10x_rcc.o(.text) for RCC_APB2PeriphResetCmd
    use_no_semi_2.o(.text) refers (Special) to use_no_semi.o(.text) for __use_no_semihosting_swi
    __2printf.o(.text) refers to _printf_char_file.o(.text) for _printf_char_file
    __2printf.o(.text) refers to usart.o(.data) for __stdout
    noretval__2printf.o(.text) refers to _printf_char_file.o(.text) for _printf_char_file
    noretval__2printf.o(.text) refers to usart.o(.data) for __stdout
    __printf.o(.text) refers to _printf_percent.o(.ARM.Collect$$_printf_percent$$00000000) for _printf_percent
    _printf_str.o(.text) refers (Special) to _printf_char.o(.text) for _printf_cs_common
    _printf_dec.o(.text) refers to _printf_intcommon.o(.text) for _printf_int_common
    _printf_hex_ll.o(.text) refers to _printf_intcommon.o(.text) for _printf_int_common
    _printf_hex_ll.o(.text) refers to _printf_hex_ll.o(.constdata) for .constdata
    _printf_hex_int.o(.text) refers to _printf_intcommon.o(.text) for _printf_int_common
    _printf_hex_int.o(.text) refers to _printf_hex_int.o(.constdata) for .constdata
    _printf_hex_int_ll.o(.text) refers to _printf_intcommon.o(.text) for _printf_int_common
    _printf_hex_int_ll.o(.text) refers to _printf_hex_int_ll.o(.constdata) for .constdata
    _printf_hex_ptr.o(.text) refers to _printf_intcommon.o(.text) for _printf_int_common
    _printf_hex_ptr.o(.text) refers to _printf_hex_ptr.o(.constdata) for .constdata
    _printf_hex_int_ptr.o(.text) refers to _printf_intcommon.o(.text) for _printf_int_common
    _printf_hex_int_ptr.o(.text) refers to _printf_hex_int_ptr.o(.constdata) for .constdata
    _printf_hex_ll_ptr.o(.text) refers to _printf_intcommon.o(.text) for _printf_int_common
    _printf_hex_ll_ptr.o(.text) refers to _printf_hex_ll_ptr.o(.constdata) for .constdata
    _printf_hex_int_ll_ptr.o(.text) refers to _printf_intcommon.o(.text) for _printf_int_common
    _printf_hex_int_ll_ptr.o(.text) refers to _printf_hex_int_ll_ptr.o(.constdata) for .constdata
    __printf_flags.o(.text) refers to _printf_percent.o(.ARM.Collect$$_printf_percent$$00000000) for _printf_percent
    __printf_flags.o(.text) refers to __printf_flags.o(.constdata) for .constdata
    __printf_ss.o(.text) refers to _printf_percent.o(.ARM.Collect$$_printf_percent$$00000000) for _printf_percent
    __printf_flags_ss.o(.text) refers to _printf_percent.o(.ARM.Collect$$_printf_percent$$00000000) for _printf_percent
    __printf_flags_ss.o(.text) refers to __printf_flags_ss.o(.constdata) for .constdata
    __printf_wp.o(.text) refers to __printf_wp.o(i._is_digit) for _is_digit
    __printf_wp.o(.text) refers to _printf_percent.o(.ARM.Collect$$_printf_percent$$00000000) for _printf_percent
    __printf_flags_wp.o(.text) refers to __printf_wp.o(i._is_digit) for _is_digit
    __printf_flags_wp.o(.text) refers to _printf_percent.o(.ARM.Collect$$_printf_percent$$00000000) for _printf_percent
    __printf_flags_wp.o(.text) refers to __printf_flags_wp.o(.constdata) for .constdata
    __printf_ss_wp.o(.text) refers to __printf_wp.o(i._is_digit) for _is_digit
    __printf_ss_wp.o(.text) refers to _printf_percent.o(.ARM.Collect$$_printf_percent$$00000000) for _printf_percent
    __printf_flags_ss_wp.o(.text) refers to __printf_wp.o(i._is_digit) for _is_digit
    __printf_flags_ss_wp.o(.text) refers to _printf_percent.o(.ARM.Collect$$_printf_percent$$00000000) for _printf_percent
    __printf_flags_ss_wp.o(.text) refers to __printf_flags_ss_wp.o(.constdata) for .constdata
    _printf_s.o(.ARM.Collect$$_printf_percent$$00000014) refers (Weak) to _printf_char.o(.text) for _printf_string
    _printf_x.o(.ARM.Collect$$_printf_percent$$0000000C) refers (Weak) to _printf_hex_int.o(.text) for _printf_int_hex
    _printf_d.o(.ARM.Collect$$_printf_percent$$00000009) refers (Weak) to _printf_dec.o(.text) for _printf_int_dec
    _printf_percent.o(.ARM.Collect$$_printf_percent$$00000000) refers (Special) to _printf_percent_end.o(.ARM.Collect$$_printf_percent$$00000017) for _printf_percent_end
    __main.o(!!!main) refers to __rtentry.o(.ARM.Collect$$rtentry$$00000000) for __rt_entry
    __rtentry.o(.ARM.Collect$$rtentry$$00000000) refers (Special) to __rtentry2.o(.ARM.Collect$$rtentry$$0000000A) for __rt_entry_li
    __rtentry.o(.ARM.Collect$$rtentry$$00000000) refers (Special) to __rtentry2.o(.ARM.Collect$$rtentry$$0000000D) for __rt_entry_main
    __rtentry.o(.ARM.Collect$$rtentry$$00000000) refers (Special) to __rtentry2.o(.ARM.Collect$$rtentry$$0000000C) for __rt_entry_postli_1
    __rtentry.o(.ARM.Collect$$rtentry$$00000000) refers (Special) to __rtentry2.o(.ARM.Collect$$rtentry$$00000009) for __rt_entry_postsh_1
    __rtentry.o(.ARM.Collect$$rtentry$$00000000) refers (Special) to __rtentry2.o(.ARM.Collect$$rtentry$$00000002) for __rt_entry_presh_1
    __rtentry.o(.ARM.Collect$$rtentry$$00000000) refers (Special) to __rtentry4.o(.ARM.Collect$$rtentry$$00000004) for __rt_entry_sh
    _printf_char.o(.text) refers (Weak) to _printf_str.o(.text) for _printf_str
    _printf_char_file.o(.text) refers to _printf_char_common.o(.text) for _printf_char_common
    _printf_char_file.o(.text) refers to ferror.o(.text) for ferror
    _printf_char_file.o(.text) refers to usart.o(.text) for fputc
    __rtentry2.o(.ARM.Collect$$rtentry$$00000008) refers to boardinit2.o(.text) for _platform_post_stackheap_init
    __rtentry2.o(.ARM.Collect$$rtentry$$0000000A) refers to libinit.o(.ARM.Collect$$libinit$$00000000) for __rt_lib_init
    __rtentry2.o(.ARM.Collect$$rtentry$$0000000B) refers to boardinit3.o(.text) for _platform_post_lib_init
    __rtentry2.o(.ARM.Collect$$rtentry$$0000000D) refers to main.o(.text) for main
    __rtentry2.o(.ARM.Collect$$rtentry$$0000000D) refers to exit.o(.text) for exit
    __rtentry2.o(.ARM.exidx) refers to __rtentry2.o(.ARM.Collect$$rtentry$$00000001) for .ARM.Collect$$rtentry$$00000001
    __rtentry2.o(.ARM.exidx) refers to __rtentry2.o(.ARM.Collect$$rtentry$$00000008) for .ARM.Collect$$rtentry$$00000008
    __rtentry2.o(.ARM.exidx) refers to __rtentry2.o(.ARM.Collect$$rtentry$$0000000A) for .ARM.Collect$$rtentry$$0000000A
    __rtentry2.o(.ARM.exidx) refers to __rtentry2.o(.ARM.Collect$$rtentry$$0000000B) for .ARM.Collect$$rtentry$$0000000B
    __rtentry2.o(.ARM.exidx) refers to __rtentry2.o(.ARM.Collect$$rtentry$$0000000D) for .ARM.Collect$$rtentry$$0000000D
    __rtentry4.o(.ARM.Collect$$rtentry$$00000004) refers to sys_stackheap_outer.o(.text) for __user_setup_stackheap
    __rtentry4.o(.ARM.exidx) refers to __rtentry4.o(.ARM.Collect$$rtentry$$00000004) for .ARM.Collect$$rtentry$$00000004
    _printf_char_common.o(.text) refers to __printf.o(.text) for __printf
    sys_stackheap_outer.o(.text) refers to libspace.o(.text) for __user_perproc_libspace
    sys_stackheap_outer.o(.text) refers to startup_stm32f10x_cl.o(.text) for __user_initial_stackheap
    exit.o(.text) refers to rtexit.o(.ARM.Collect$$rtexit$$00000000) for __rt_exit
    libinit.o(.ARM.Collect$$libinit$$00000000) refers (Special) to libinit2.o(.ARM.Collect$$libinit$$0000002E) for __rt_lib_init_alloca_1
    libinit.o(.ARM.Collect$$libinit$$00000000) refers (Special) to libinit2.o(.ARM.Collect$$libinit$$0000002C) for __rt_lib_init_argv_1
    libinit.o(.ARM.Collect$$libinit$$00000000) refers (Special) to libinit2.o(.ARM.Collect$$libinit$$0000001B) for __rt_lib_init_atexit_1
    libinit.o(.ARM.Collect$$libinit$$00000000) refers (Special) to libinit2.o(.ARM.Collect$$libinit$$00000021) for __rt_lib_init_clock_1
    libinit.o(.ARM.Collect$$libinit$$00000000) refers (Special) to libinit2.o(.ARM.Collect$$libinit$$00000032) for __rt_lib_init_cpp_1
    libinit.o(.ARM.Collect$$libinit$$00000000) refers (Special) to libinit2.o(.ARM.Collect$$libinit$$00000030) for __rt_lib_init_exceptions_1
    libinit.o(.ARM.Collect$$libinit$$00000000) refers (Special) to libinit2.o(.ARM.Collect$$libinit$$00000002) for __rt_lib_init_fp_1
    libinit.o(.ARM.Collect$$libinit$$00000000) refers (Special) to libinit2.o(.ARM.Collect$$libinit$$0000001F) for __rt_lib_init_fp_trap_1
    libinit.o(.ARM.Collect$$libinit$$00000000) refers (Special) to libinit2.o(.ARM.Collect$$libinit$$00000023) for __rt_lib_init_getenv_1
    libinit.o(.ARM.Collect$$libinit$$00000000) refers (Special) to libinit2.o(.ARM.Collect$$libinit$$0000000A) for __rt_lib_init_heap_1
    libinit.o(.ARM.Collect$$libinit$$00000000) refers (Special) to libinit2.o(.ARM.Collect$$libinit$$00000011) for __rt_lib_init_lc_collate_1
    libinit.o(.ARM.Collect$$libinit$$00000000) refers (Special) to libinit2.o(.ARM.Collect$$libinit$$00000013) for __rt_lib_init_lc_ctype_1
    libinit.o(.ARM.Collect$$libinit$$00000000) refers (Special) to libinit2.o(.ARM.Collect$$libinit$$00000015) for __rt_lib_init_lc_monetary_1
    libinit.o(.ARM.Collect$$libinit$$00000000) refers (Special) to libinit2.o(.ARM.Collect$$libinit$$00000017) for __rt_lib_init_lc_numeric_1
    libinit.o(.ARM.Collect$$libinit$$00000000) refers (Special) to libinit2.o(.ARM.Collect$$libinit$$00000019) for __rt_lib_init_lc_time_1
    libinit.o(.ARM.Collect$$libinit$$00000000) refers (Special) to libinit2.o(.ARM.Collect$$libinit$$00000004) for __rt_lib_init_preinit_1
    libinit.o(.ARM.Collect$$libinit$$00000000) refers (Special) to libinit2.o(.ARM.Collect$$libinit$$0000000E) for __rt_lib_init_rand_1
    libinit.o(.ARM.Collect$$libinit$$00000000) refers (Special) to libinit2.o(.ARM.Collect$$libinit$$00000033) for __rt_lib_init_return
    libinit.o(.ARM.Collect$$libinit$$00000000) refers (Special) to libinit2.o(.ARM.Collect$$libinit$$0000001D) for __rt_lib_init_signal_1
    libinit.o(.ARM.Collect$$libinit$$00000000) refers (Special) to libinit2.o(.ARM.Collect$$libinit$$00000025) for __rt_lib_init_stdio_1
    libinit.o(.ARM.Collect$$libinit$$00000000) refers (Special) to libinit2.o(.ARM.Collect$$libinit$$0000000C) for __rt_lib_init_user_alloc_1
    libspace.o(.text) refers to libspace.o(.bss) for __libspace_start
    rtexit.o(.ARM.Collect$$rtexit$$00000000) refers (Special) to rtexit2.o(.ARM.Collect$$rtexit$$00000004) for __rt_exit_exit
    rtexit.o(.ARM.Collect$$rtexit$$00000000) refers (Special) to rtexit2.o(.ARM.Collect$$rtexit$$00000003) for __rt_exit_ls
    rtexit.o(.ARM.Collect$$rtexit$$00000000) refers (Special) to rtexit2.o(.ARM.Collect$$rtexit$$00000002) for __rt_exit_prels_1
    rtexit.o(.ARM.exidx) refers (Special) to rtexit2.o(.ARM.Collect$$rtexit$$00000004) for __rt_exit_exit
    rtexit.o(.ARM.exidx) refers (Special) to rtexit2.o(.ARM.Collect$$rtexit$$00000003) for __rt_exit_ls
    rtexit.o(.ARM.exidx) refers (Special) to rtexit2.o(.ARM.Collect$$rtexit$$00000002) for __rt_exit_prels_1
    rtexit.o(.ARM.exidx) refers to rtexit.o(.ARM.Collect$$rtexit$$00000000) for .ARM.Collect$$rtexit$$00000000
    libinit2.o(.ARM.Collect$$libinit$$00000010) refers to libinit2.o(.ARM.Collect$$libinit$$0000000F) for .ARM.Collect$$libinit$$0000000F
    libinit2.o(.ARM.Collect$$libinit$$00000012) refers to libinit2.o(.ARM.Collect$$libinit$$0000000F) for .ARM.Collect$$libinit$$0000000F
    libinit2.o(.ARM.Collect$$libinit$$00000014) refers to libinit2.o(.ARM.Collect$$libinit$$0000000F) for .ARM.Collect$$libinit$$0000000F
    libinit2.o(.ARM.Collect$$libinit$$00000016) refers to libinit2.o(.ARM.Collect$$libinit$$0000000F) for .ARM.Collect$$libinit$$0000000F
    libinit2.o(.ARM.Collect$$libinit$$00000018) refers to libinit2.o(.ARM.Collect$$libinit$$0000000F) for .ARM.Collect$$libinit$$0000000F
    libinit2.o(.ARM.Collect$$libinit$$00000026) refers to argv_veneer.o(.emb_text) for __ARM_argv_veneer
    libinit2.o(.ARM.Collect$$libinit$$00000027) refers to argv_veneer.o(.emb_text) for __ARM_argv_veneer
    rtexit2.o(.ARM.Collect$$rtexit$$00000003) refers to libshutdown.o(.ARM.Collect$$libshutdown$$00000000) for __rt_lib_shutdown
    rtexit2.o(.ARM.Collect$$rtexit$$00000004) refers to usart.o(.text) for _sys_exit
    rtexit2.o(.ARM.exidx) refers to rtexit2.o(.ARM.Collect$$rtexit$$00000001) for .ARM.Collect$$rtexit$$00000001
    rtexit2.o(.ARM.exidx) refers to rtexit2.o(.ARM.Collect$$rtexit$$00000003) for .ARM.Collect$$rtexit$$00000003
    rtexit2.o(.ARM.exidx) refers to rtexit2.o(.ARM.Collect$$rtexit$$00000004) for .ARM.Collect$$rtexit$$00000004
    argv_veneer.o(.emb_text) refers to no_argv.o(.text) for __ARM_get_argv
    _get_argv_nomalloc.o(.text) refers (Special) to hrguard.o(.text) for __heap_region$guard
    _get_argv_nomalloc.o(.text) refers to defsig_rtmem_outer.o(.text) for __rt_SIGRTMEM
    _get_argv_nomalloc.o(.text) refers to sys_command.o(.text) for _sys_command_string
    libshutdown.o(.ARM.Collect$$libshutdown$$00000000) refers (Special) to libshutdown2.o(.ARM.Collect$$libshutdown$$00000002) for __rt_lib_shutdown_cpp_1
    libshutdown.o(.ARM.Collect$$libshutdown$$00000000) refers (Special) to libshutdown2.o(.ARM.Collect$$libshutdown$$00000007) for __rt_lib_shutdown_fp_trap_1
    libshutdown.o(.ARM.Collect$$libshutdown$$00000000) refers (Special) to libshutdown2.o(.ARM.Collect$$libshutdown$$0000000F) for __rt_lib_shutdown_heap_1
    libshutdown.o(.ARM.Collect$$libshutdown$$00000000) refers (Special) to libshutdown2.o(.ARM.Collect$$libshutdown$$00000010) for __rt_lib_shutdown_return
    libshutdown.o(.ARM.Collect$$libshutdown$$00000000) refers (Special) to libshutdown2.o(.ARM.Collect$$libshutdown$$0000000A) for __rt_lib_shutdown_signal_1
    libshutdown.o(.ARM.Collect$$libshutdown$$00000000) refers (Special) to libshutdown2.o(.ARM.Collect$$libshutdown$$00000004) for __rt_lib_shutdown_stdio_1
    libshutdown.o(.ARM.Collect$$libshutdown$$00000000) refers (Special) to libshutdown2.o(.ARM.Collect$$libshutdown$$0000000C) for __rt_lib_shutdown_user_alloc_1
    sys_command.o(.text) refers (Special) to use_no_semi.o(.text) for __I$use$semihosting
    sys_command.o(.text) refers (Special) to indicate_semi.o(.text) for __semihosting_library_function
    defsig_rtmem_outer.o(.text) refers to defsig_rtmem_inner.o(.text) for __rt_SIGRTMEM_inner
    defsig_rtmem_outer.o(.text) refers to defsig_exit.o(.text) for __sig_exit
    defsig_rtmem_formal.o(.text) refers to rt_raise.o(.text) for __rt_raise
    rt_raise.o(.text) refers to __raise.o(.text) for __raise
    rt_raise.o(.text) refers to usart.o(.text) for _sys_exit
    defsig_exit.o(.text) refers to usart.o(.text) for _sys_exit
    defsig_rtmem_inner.o(.text) refers to defsig_general.o(.text) for __default_signal_display
    __raise.o(.text) refers to defsig.o(CL$$defsig) for __default_signal_handler
    defsig_general.o(.text) refers to sys_wrch.o(.text) for _ttywrch
    sys_wrch.o(.text) refers (Special) to use_no_semi.o(.text) for __I$use$semihosting
    sys_wrch.o(.text) refers (Special) to indicate_semi.o(.text) for __semihosting_library_function
    defsig.o(CL$$defsig) refers to defsig_rtmem_inner.o(.text) for __rt_SIGRTMEM_inner
    defsig_abrt_inner.o(.text) refers to defsig_general.o(.text) for __default_signal_display
    defsig_fpe_inner.o(.text) refers to defsig_general.o(.text) for __default_signal_display
    defsig_rtred_inner.o(.text) refers to defsig_general.o(.text) for __default_signal_display
    defsig_stak_inner.o(.text) refers to defsig_general.o(.text) for __default_signal_display
    defsig_pvfn_inner.o(.text) refers to defsig_general.o(.text) for __default_signal_display
    defsig_cppl_inner.o(.text) refers to defsig_general.o(.text) for __default_signal_display
    defsig_segv_inner.o(.text) refers to defsig_general.o(.text) for __default_signal_display
    defsig_other.o(.text) refers to defsig_general.o(.text) for __default_signal_display


==============================================================================

Removing Unused input sections from the image.

    Removing pbdata.o(.data), (1 bytes).
    Removing stm32f10x_can.o(.text), (2544 bytes).
    Removing stm32f10x_tim.o(.text), (3610 bytes).
    Removing stm32f10x_flash.o(.text), (1468 bytes).
    Removing core_cm3.o(.emb_text), (32 bytes).
    Removing system_stm32f10x.o(.constdata), (20 bytes).

6 unused section(s) (total 7675 bytes) removed from the image.

==============================================================================

Image Symbol Table

    Local Symbols

    Symbol Name                              Value     Ov Type        Size  Object(Section)

    ../clib/angel/boardlib.s                 0x00000000   Number         0  boardinit1.o ABSOLUTE
    ../clib/angel/boardlib.s                 0x00000000   Number         0  boardinit3.o ABSOLUTE
    ../clib/angel/boardlib.s                 0x00000000   Number         0  boardshut.o ABSOLUTE
    ../clib/angel/boardlib.s                 0x00000000   Number         0  boardinit2.o ABSOLUTE
    ../clib/angel/handlers.s                 0x00000000   Number         0  __scatter_zi.o ABSOLUTE
    ../clib/angel/handlers.s                 0x00000000   Number         0  __scatter_copy.o ABSOLUTE
    ../clib/angel/kernel.s                   0x00000000   Number         0  __rtentry2.o ABSOLUTE
    ../clib/angel/kernel.s                   0x00000000   Number         0  rtexit.o ABSOLUTE
    ../clib/angel/kernel.s                   0x00000000   Number         0  rtexit2.o ABSOLUTE
    ../clib/angel/kernel.s                   0x00000000   Number         0  __rtentry.o ABSOLUTE
    ../clib/angel/kernel.s                   0x00000000   Number         0  __rtentry4.o ABSOLUTE
    ../clib/angel/rt.s                       0x00000000   Number         0  rt_raise.o ABSOLUTE
    ../clib/angel/scatter.s                  0x00000000   Number         0  __scatter.o ABSOLUTE
    ../clib/angel/startup.s                  0x00000000   Number         0  __main.o ABSOLUTE
    ../clib/angel/sys.s                      0x00000000   Number         0  sys_stackheap_outer.o ABSOLUTE
    ../clib/angel/sys.s                      0x00000000   Number         0  libspace.o ABSOLUTE
    ../clib/angel/sys.s                      0x00000000   Number         0  indicate_semi.o ABSOLUTE
    ../clib/angel/sys.s                      0x00000000   Number         0  use_no_semi.o ABSOLUTE
    ../clib/angel/sys.s                      0x00000000   Number         0  use_no_semi_2.o ABSOLUTE
    ../clib/angel/sysapp.c                   0x00000000   Number         0  sys_wrch.o ABSOLUTE
    ../clib/angel/sysapp.c                   0x00000000   Number         0  sys_command.o ABSOLUTE
    ../clib/armsys.c                         0x00000000   Number         0  argv_veneer.o ABSOLUTE
    ../clib/armsys.c                         0x00000000   Number         0  argv_veneer.o ABSOLUTE
    ../clib/armsys.c                         0x00000000   Number         0  no_argv.o ABSOLUTE
    ../clib/armsys.c                         0x00000000   Number         0  _get_argv_nomalloc.o ABSOLUTE
    ../clib/heapalloc.c                      0x00000000   Number         0  hrguard.o ABSOLUTE
    ../clib/heapaux.c                        0x00000000   Number         0  heapauxi.o ABSOLUTE
    ../clib/libinit.s                        0x00000000   Number         0  libinit.o ABSOLUTE
    ../clib/libinit.s                        0x00000000   Number         0  libinit2.o ABSOLUTE
    ../clib/libinit.s                        0x00000000   Number         0  libshutdown2.o ABSOLUTE
    ../clib/libinit.s                        0x00000000   Number         0  libshutdown.o ABSOLUTE
    ../clib/printf.c                         0x00000000   Number         0  __printf_flags_wp.o ABSOLUTE
    ../clib/printf.c                         0x00000000   Number         0  _printf_hex_ptr.o ABSOLUTE
    ../clib/printf.c                         0x00000000   Number         0  _printf_hex_int_ptr.o ABSOLUTE
    ../clib/printf.c                         0x00000000   Number         0  _printf_hex_ll_ptr.o ABSOLUTE
    ../clib/printf.c                         0x00000000   Number         0  _printf_hex_int_ll_ptr.o ABSOLUTE
    ../clib/printf.c                         0x00000000   Number         0  __printf_flags.o ABSOLUTE
    ../clib/printf.c                         0x00000000   Number         0  _printf_intcommon.o ABSOLUTE
    ../clib/printf.c                         0x00000000   Number         0  __printf_ss.o ABSOLUTE
    ../clib/printf.c                         0x00000000   Number         0  _printf_char_file.o ABSOLUTE
    ../clib/printf.c                         0x00000000   Number         0  __printf_flags_ss.o ABSOLUTE
    ../clib/printf.c                         0x00000000   Number         0  _printf_char.o ABSOLUTE
    ../clib/printf.c                         0x00000000   Number         0  __printf_wp.o ABSOLUTE
    ../clib/printf.c                         0x00000000   Number         0  __2printf.o ABSOLUTE
    ../clib/printf.c                         0x00000000   Number         0  __printf.o ABSOLUTE
    ../clib/printf.c                         0x00000000   Number         0  __printf_ss_wp.o ABSOLUTE
    ../clib/printf.c                         0x00000000   Number         0  _printf_str.o ABSOLUTE
    ../clib/printf.c                         0x00000000   Number         0  __printf_flags_ss_wp.o ABSOLUTE
    ../clib/printf.c                         0x00000000   Number         0  _printf_dec.o ABSOLUTE
    ../clib/printf.c                         0x00000000   Number         0  _printf_hex_ll.o ABSOLUTE
    ../clib/printf.c                         0x00000000   Number         0  _printf_hex_int.o ABSOLUTE
    ../clib/printf.c                         0x00000000   Number         0  noretval__2printf.o ABSOLUTE
    ../clib/printf.c                         0x00000000   Number         0  _printf_hex_int_ll.o ABSOLUTE
    ../clib/printf.c                         0x00000000   Number         0  __printf_nopercent.o ABSOLUTE
    ../clib/printf.c                         0x00000000   Number         0  _printf_char_common.o ABSOLUTE
    ../clib/printf_percent.s                 0x00000000   Number         0  _printf_percent_end.o ABSOLUTE
    ../clib/printf_percent.s                 0x00000000   Number         0  _printf_s.o ABSOLUTE
    ../clib/printf_percent.s                 0x00000000   Number         0  _printf_d.o ABSOLUTE
    ../clib/printf_percent.s                 0x00000000   Number         0  _printf_x.o ABSOLUTE
    ../clib/printf_percent.s                 0x00000000   Number         0  _printf_percent.o ABSOLUTE
    ../clib/signal.c                         0x00000000   Number         0  defsig_stak_inner.o ABSOLUTE
    ../clib/signal.c                         0x00000000   Number         0  defsig_rtmem_inner.o ABSOLUTE
    ../clib/signal.c                         0x00000000   Number         0  defsig_segv_inner.o ABSOLUTE
    ../clib/signal.c                         0x00000000   Number         0  defsig_exit.o ABSOLUTE
    ../clib/signal.c                         0x00000000   Number         0  defsig_rtmem_outer.o ABSOLUTE
    ../clib/signal.c                         0x00000000   Number         0  defsig_rtred_inner.o ABSOLUTE
    ../clib/signal.c                         0x00000000   Number         0  defsig_general.o ABSOLUTE
    ../clib/signal.c                         0x00000000   Number         0  defsig_cppl_inner.o ABSOLUTE
    ../clib/signal.c                         0x00000000   Number         0  defsig_pvfn_inner.o ABSOLUTE
    ../clib/signal.c                         0x00000000   Number         0  defsig_rtmem_formal.o ABSOLUTE
    ../clib/signal.c                         0x00000000   Number         0  __raise.o ABSOLUTE
    ../clib/signal.c                         0x00000000   Number         0  defsig_other.o ABSOLUTE
    ../clib/signal.c                         0x00000000   Number         0  defsig_fpe_inner.o ABSOLUTE
    ../clib/signal.c                         0x00000000   Number         0  defsig_abrt_inner.o ABSOLUTE
    ../clib/signal.s                         0x00000000   Number         0  defsig.o ABSOLUTE
    ../clib/stdio.c                          0x00000000   Number         0  ferror.o ABSOLUTE
    ../clib/stdio.c                          0x00000000   Number         0  ferror_locked.o ABSOLUTE
    ../clib/stdlib.c                         0x00000000   Number         0  exit.o ABSOLUTE
    ../clib/string.c                         0x00000000   Number         0  strlen.o ABSOLUTE
    ../fplib/fpinit.s                        0x00000000   Number         0  fpinit.o ABSOLUTE
    FWlib\SRC\misc.c                         0x00000000   Number         0  misc.o ABSOLUTE
    FWlib\SRC\stm32f10x_can.c                0x00000000   Number         0  stm32f10x_can.o ABSOLUTE
    FWlib\SRC\stm32f10x_flash.c              0x00000000   Number         0  stm32f10x_flash.o ABSOLUTE
    FWlib\SRC\stm32f10x_gpio.c               0x00000000   Number         0  stm32f10x_gpio.o ABSOLUTE
    FWlib\SRC\stm32f10x_rcc.c                0x00000000   Number         0  stm32f10x_rcc.o ABSOLUTE
    FWlib\SRC\stm32f10x_tim.c                0x00000000   Number         0  stm32f10x_tim.o ABSOLUTE
    FWlib\SRC\stm32f10x_usart.c              0x00000000   Number         0  stm32f10x_usart.o ABSOLUTE
    Hardware\RS485\485.c                     0x00000000   Number         0  485.o ABSOLUTE
    Hardware\RS485\modbus_crc.c              0x00000000   Number         0  modbus_crc.o ABSOLUTE
    Hardware\key\key.c                       0x00000000   Number         0  key.o ABSOLUTE
    Hardware\led\led.c                       0x00000000   Number         0  led.o ABSOLUTE
    Hardware\usart\usart.c                   0x00000000   Number         0  usart.o ABSOLUTE
    dc.s                                     0x00000000   Number         0  dc.o ABSOLUTE
    startup\startup_stm32f10x_cl.s           0x00000000   Number         0  startup_stm32f10x_cl.o ABSOLUTE
    user\\core_cm3.c                         0x00000000   Number         0  core_cm3.o ABSOLUTE
    user\bsp.c                               0x00000000   Number         0  bsp.o ABSOLUTE
    user\core_cm3.c                          0x00000000   Number         0  core_cm3.o ABSOLUTE
    user\main.c                              0x00000000   Number         0  main.o ABSOLUTE
    user\pbdata.c                            0x00000000   Number         0  pbdata.o ABSOLUTE
    user\stm32f10x_it.c                      0x00000000   Number         0  stm32f10x_it.o ABSOLUTE
    user\system_stm32f10x.c                  0x00000000   Number         0  system_stm32f10x.o ABSOLUTE
    RESET                                    0x08000000   Section      336  startup_stm32f10x_cl.o(RESET)
    !!!main                                  0x08000150   Section        8  __main.o(!!!main)
    !!!scatter                               0x08000158   Section       52  __scatter.o(!!!scatter)
    !!handler_copy                           0x0800018c   Section       26  __scatter_copy.o(!!handler_copy)
    !!handler_zi                             0x080001a8   Section       28  __scatter_zi.o(!!handler_zi)
    .ARM.Collect$$_printf_percent$$00000000  0x080001c4   Section        0  _printf_percent.o(.ARM.Collect$$_printf_percent$$00000000)
    .ARM.Collect$$_printf_percent$$00000009  0x080001c4   Section        6  _printf_d.o(.ARM.Collect$$_printf_percent$$00000009)
    .ARM.Collect$$_printf_percent$$0000000C  0x080001ca   Section        6  _printf_x.o(.ARM.Collect$$_printf_percent$$0000000C)
    .ARM.Collect$$_printf_percent$$00000014  0x080001d0   Section        6  _printf_s.o(.ARM.Collect$$_printf_percent$$00000014)
    .ARM.Collect$$_printf_percent$$00000017  0x080001d6   Section        4  _printf_percent_end.o(.ARM.Collect$$_printf_percent$$00000017)
    .ARM.Collect$$libinit$$00000000          0x080001da   Section        2  libinit.o(.ARM.Collect$$libinit$$00000000)
    .ARM.Collect$$libinit$$00000002          0x080001dc   Section        0  libinit2.o(.ARM.Collect$$libinit$$00000002)
    .ARM.Collect$$libinit$$00000004          0x080001dc   Section        0  libinit2.o(.ARM.Collect$$libinit$$00000004)
    .ARM.Collect$$libinit$$0000000A          0x080001dc   Section        0  libinit2.o(.ARM.Collect$$libinit$$0000000A)
    .ARM.Collect$$libinit$$0000000C          0x080001dc   Section        0  libinit2.o(.ARM.Collect$$libinit$$0000000C)
    .ARM.Collect$$libinit$$0000000E          0x080001dc   Section        0  libinit2.o(.ARM.Collect$$libinit$$0000000E)
    .ARM.Collect$$libinit$$00000011          0x080001dc   Section        0  libinit2.o(.ARM.Collect$$libinit$$00000011)
    .ARM.Collect$$libinit$$00000013          0x080001dc   Section        0  libinit2.o(.ARM.Collect$$libinit$$00000013)
    .ARM.Collect$$libinit$$00000015          0x080001dc   Section        0  libinit2.o(.ARM.Collect$$libinit$$00000015)
    .ARM.Collect$$libinit$$00000017          0x080001dc   Section        0  libinit2.o(.ARM.Collect$$libinit$$00000017)
    .ARM.Collect$$libinit$$00000019          0x080001dc   Section        0  libinit2.o(.ARM.Collect$$libinit$$00000019)
    .ARM.Collect$$libinit$$0000001B          0x080001dc   Section        0  libinit2.o(.ARM.Collect$$libinit$$0000001B)
    .ARM.Collect$$libinit$$0000001D          0x080001dc   Section        0  libinit2.o(.ARM.Collect$$libinit$$0000001D)
    .ARM.Collect$$libinit$$0000001F          0x080001dc   Section        0  libinit2.o(.ARM.Collect$$libinit$$0000001F)
    .ARM.Collect$$libinit$$00000021          0x080001dc   Section        0  libinit2.o(.ARM.Collect$$libinit$$00000021)
    .ARM.Collect$$libinit$$00000023          0x080001dc   Section        0  libinit2.o(.ARM.Collect$$libinit$$00000023)
    .ARM.Collect$$libinit$$00000025          0x080001dc   Section        0  libinit2.o(.ARM.Collect$$libinit$$00000025)
    .ARM.Collect$$libinit$$0000002C          0x080001dc   Section        0  libinit2.o(.ARM.Collect$$libinit$$0000002C)
    .ARM.Collect$$libinit$$0000002E          0x080001dc   Section        0  libinit2.o(.ARM.Collect$$libinit$$0000002E)
    .ARM.Collect$$libinit$$00000030          0x080001dc   Section        0  libinit2.o(.ARM.Collect$$libinit$$00000030)
    .ARM.Collect$$libinit$$00000032          0x080001dc   Section        0  libinit2.o(.ARM.Collect$$libinit$$00000032)
    .ARM.Collect$$libinit$$00000033          0x080001dc   Section        2  libinit2.o(.ARM.Collect$$libinit$$00000033)
    .ARM.Collect$$libshutdown$$00000000      0x080001de   Section        2  libshutdown.o(.ARM.Collect$$libshutdown$$00000000)
    .ARM.Collect$$libshutdown$$00000002      0x080001e0   Section        0  libshutdown2.o(.ARM.Collect$$libshutdown$$00000002)
    .ARM.Collect$$libshutdown$$00000004      0x080001e0   Section        0  libshutdown2.o(.ARM.Collect$$libshutdown$$00000004)
    .ARM.Collect$$libshutdown$$00000007      0x080001e0   Section        0  libshutdown2.o(.ARM.Collect$$libshutdown$$00000007)
    .ARM.Collect$$libshutdown$$0000000A      0x080001e0   Section        0  libshutdown2.o(.ARM.Collect$$libshutdown$$0000000A)
    .ARM.Collect$$libshutdown$$0000000C      0x080001e0   Section        0  libshutdown2.o(.ARM.Collect$$libshutdown$$0000000C)
    .ARM.Collect$$libshutdown$$0000000F      0x080001e0   Section        0  libshutdown2.o(.ARM.Collect$$libshutdown$$0000000F)
    .ARM.Collect$$libshutdown$$00000010      0x080001e0   Section        2  libshutdown2.o(.ARM.Collect$$libshutdown$$00000010)
    .ARM.Collect$$rtentry$$00000000          0x080001e2   Section        0  __rtentry.o(.ARM.Collect$$rtentry$$00000000)
    .ARM.Collect$$rtentry$$00000002          0x080001e2   Section        0  __rtentry2.o(.ARM.Collect$$rtentry$$00000002)
    .ARM.Collect$$rtentry$$00000004          0x080001e2   Section        6  __rtentry4.o(.ARM.Collect$$rtentry$$00000004)
    .ARM.Collect$$rtentry$$00000009          0x080001e8   Section        0  __rtentry2.o(.ARM.Collect$$rtentry$$00000009)
    .ARM.Collect$$rtentry$$0000000A          0x080001e8   Section        4  __rtentry2.o(.ARM.Collect$$rtentry$$0000000A)
    .ARM.Collect$$rtentry$$0000000C          0x080001ec   Section        0  __rtentry2.o(.ARM.Collect$$rtentry$$0000000C)
    .ARM.Collect$$rtentry$$0000000D          0x080001ec   Section        8  __rtentry2.o(.ARM.Collect$$rtentry$$0000000D)
    .ARM.Collect$$rtexit$$00000000           0x080001f4   Section        2  rtexit.o(.ARM.Collect$$rtexit$$00000000)
    .ARM.Collect$$rtexit$$00000002           0x080001f6   Section        0  rtexit2.o(.ARM.Collect$$rtexit$$00000002)
    .ARM.Collect$$rtexit$$00000003           0x080001f6   Section        4  rtexit2.o(.ARM.Collect$$rtexit$$00000003)
    .ARM.Collect$$rtexit$$00000004           0x080001fa   Section        6  rtexit2.o(.ARM.Collect$$rtexit$$00000004)
    .text                                    0x08000200   Section       64  startup_stm32f10x_cl.o(.text)
    .text                                    0x08000240   Section        0  main.o(.text)
    .text                                    0x08000444   Section        0  stm32f10x_it.o(.text)
    .text                                    0x08000498   Section        0  pbdata.o(.text)
    .text                                    0x08000510   Section        0  bsp.o(.text)
    .text                                    0x08000524   Section        0  led.o(.text)
    .text                                    0x08000550   Section        0  usart.o(.text)
    .text                                    0x08000694   Section        0  485.o(.text)
    USART_base                               0x08000695   Thumb Code    78  485.o(.text)
    Master_Init                              0x080006e3   Thumb Code   148  485.o(.text)
    Master_Tx_State                          0x08000777   Thumb Code    20  485.o(.text)
    Master_Rx_State                          0x0800078b   Thumb Code    20  485.o(.text)
    Slave_Init                               0x0800079f   Thumb Code   150  485.o(.text)
    Slave_Tx_State                           0x08000835   Thumb Code    24  485.o(.text)
    Slave_Rx_State                           0x0800084d   Thumb Code    24  485.o(.text)
    buf_add                                  0x08000865   Thumb Code    20  485.o(.text)
    get_add_from_buf                         0x08000879   Thumb Code     6  485.o(.text)
    get_key_from_buf                         0x0800087f   Thumb Code     6  485.o(.text)
    get_len_from_buf                         0x08000885   Thumb Code     6  485.o(.text)
    get_data_from_buf                        0x0800088b   Thumb Code     6  485.o(.text)
    Modbus_BufInit                           0x08000891   Thumb Code     8  485.o(.text)
    Modbus_BufCopy                           0x08000899   Thumb Code    34  485.o(.text)
    Modbus_BufSet                            0x080008bb   Thumb Code   110  485.o(.text)
    is_buf_crc_right                         0x08000929   Thumb Code    60  485.o(.text)
    is_frame_vaild                           0x08000965   Thumb Code    46  485.o(.text)
    Master_Idle_Detect                       0x08000993   Thumb Code    42  485.o(.text)
    Slave_Idle_Detect                        0x080009bd   Thumb Code    48  485.o(.text)
    Master_TxStart                           0x080009ed   Thumb Code    64  485.o(.text)
    Master_Receive                           0x08000a2d   Thumb Code     6  485.o(.text)
    Master_IntEvent                          0x08000a33   Thumb Code   144  485.o(.text)
    Slave_TxStart                            0x08000ac3   Thumb Code    64  485.o(.text)
    Slave_Receive                            0x08000b03   Thumb Code   128  485.o(.text)
    Slave_IntEvent                           0x08000b83   Thumb Code   144  485.o(.text)
    .text                                    0x08000d0c   Section        0  key.o(.text)
    .text                                    0x08000dbc   Section        0  modbus_crc.o(.text)
    .text                                    0x08000e74   Section        0  misc.o(.text)
    .text                                    0x08000f50   Section        0  stm32f10x_rcc.o(.text)
    .text                                    0x08001450   Section        0  stm32f10x_gpio.o(.text)
    .text                                    0x080017ac   Section        0  stm32f10x_usart.o(.text)
    .text                                    0x08001bb4   Section        0  system_stm32f10x.o(.text)
    SetSysClockTo72                          0x08001bb5   Thumb Code   220  system_stm32f10x.o(.text)
    SetSysClock                              0x08001c91   Thumb Code     8  system_stm32f10x.o(.text)
    .text                                    0x08001cec   Section        2  use_no_semi_2.o(.text)
    .text                                    0x08001cf0   Section        0  noretval__2printf.o(.text)
    .text                                    0x08001d08   Section        0  __printf.o(.text)
    .text                                    0x08001d70   Section        0  _printf_str.o(.text)
    .text                                    0x08001dc4   Section        0  _printf_dec.o(.text)
    .text                                    0x08001e3c   Section        0  _printf_hex_int.o(.text)
    .text                                    0x08001e94   Section        0  strlen.o(.text)
    .text                                    0x08001ed2   Section        0  heapauxi.o(.text)
    .text                                    0x08001ed8   Section        2  use_no_semi.o(.text)
    .text                                    0x08001eda   Section        0  _printf_intcommon.o(.text)
    .text                                    0x08001f8c   Section        0  _printf_char.o(.text)
    .text                                    0x08001fb8   Section        0  _printf_char_file.o(.text)
    .text                                    0x08001fdc   Section        0  _printf_char_common.o(.text)
    _printf_input_char                       0x08001fdd   Thumb Code    10  _printf_char_common.o(.text)
    .text                                    0x0800200c   Section        0  ferror.o(.text)
    .text                                    0x08002014   Section       74  sys_stackheap_outer.o(.text)
    .text                                    0x0800205e   Section        0  exit.o(.text)
    .text                                    0x08002070   Section        8  libspace.o(.text)
    .constdata                               0x08002078   Section      546  modbus_crc.o(.constdata)
    .constdata                               0x0800229a   Section       40  _printf_hex_int.o(.constdata)
    uc_hextab                                0x0800229a   Data          20  _printf_hex_int.o(.constdata)
    lc_hextab                                0x080022ae   Data          20  _printf_hex_int.o(.constdata)
    .data                                    0x20000000   Section        4  usart.o(.data)
    .data                                    0x20000004   Section        8  485.o(.data)
    all_tick_ms                              0x20000004   Data           2  485.o(.data)
    master_idle_ms                           0x20000006   Data           2  485.o(.data)
    slave_idle_ms                            0x20000008   Data           2  485.o(.data)
    master_tx_index                          0x2000000a   Data           1  485.o(.data)
    slave_tx_index                           0x2000000b   Data           1  485.o(.data)
    .data                                    0x2000000c   Section        1  key.o(.data)
    key_up                                   0x2000000c   Data           1  key.o(.data)
    .data                                    0x2000000d   Section       20  stm32f10x_rcc.o(.data)
    APBAHBPrescTable                         0x2000000d   Data          16  stm32f10x_rcc.o(.data)
    ADCPrescTable                            0x2000001d   Data           4  stm32f10x_rcc.o(.data)
    .bss                                     0x20000024   Section      264  485.o(.bss)
    master_tx                                0x20000024   Data          66  485.o(.bss)
    master_rx                                0x20000066   Data          66  485.o(.bss)
    slave_tx                                 0x200000a8   Data          66  485.o(.bss)
    slave_rx                                 0x200000ea   Data          66  485.o(.bss)
    .bss                                     0x2000012c   Section       96  libspace.o(.bss)
    HEAP                                     0x20000190   Section      512  startup_stm32f10x_cl.o(HEAP)
    Heap_Mem                                 0x20000190   Data         512  startup_stm32f10x_cl.o(HEAP)
    STACK                                    0x20000390   Section     1024  startup_stm32f10x_cl.o(STACK)
    Stack_Mem                                0x20000390   Data        1024  startup_stm32f10x_cl.o(STACK)
    __initial_sp                             0x20000790   Data           0  startup_stm32f10x_cl.o(STACK)

    Global Symbols

    Symbol Name                              Value     Ov Type        Size  Object(Section)

    BuildAttributes$$THM_ISAv4$P$D$K$B$S$PE$A:L22UL41UL21$X:L11$S22US41US21$IEEE1$IW$USESV6$~STKCKD$USESV7$~SHL$OSPACE$ROPI$EBA8$UX$STANDARDLIB$REQ8$PRES8$EABIv2 0x00000000   Number         0  anon$$obj.o ABSOLUTE
    __ARM_use_no_argv                        0x00000000   Number         0  main.o ABSOLUTE
    __ARM_exceptions_init                     - Undefined Weak Reference
    __alloca_initialize                       - Undefined Weak Reference
    __arm_preinit_                            - Undefined Weak Reference
    __cpp_initialize__aeabi_                  - Undefined Weak Reference
    __cxa_finalize                            - Undefined Weak Reference
    __rt_locale                               - Undefined Weak Reference
    __sigvec_lookup                           - Undefined Weak Reference
    _atexit_init                              - Undefined Weak Reference
    _call_atexit_fns                          - Undefined Weak Reference
    _clock_init                               - Undefined Weak Reference
    _fp_trap_init                             - Undefined Weak Reference
    _fp_trap_shutdown                         - Undefined Weak Reference
    _get_lc_collate                           - Undefined Weak Reference
    _get_lc_ctype                             - Undefined Weak Reference
    _get_lc_monetary                          - Undefined Weak Reference
    _get_lc_numeric                           - Undefined Weak Reference
    _get_lc_time                              - Undefined Weak Reference
    _getenv_init                              - Undefined Weak Reference
    _handle_redirection                       - Undefined Weak Reference
    _init_alloc                               - Undefined Weak Reference
    _init_user_alloc                          - Undefined Weak Reference
    _initio                                   - Undefined Weak Reference
    _mutex_acquire                            - Undefined Weak Reference
    _mutex_release                            - Undefined Weak Reference
    _printf_mbtowc                            - Undefined Weak Reference
    _printf_post_padding                      - Undefined Weak Reference
    _printf_pre_padding                       - Undefined Weak Reference
    _printf_truncate_signed                   - Undefined Weak Reference
    _printf_truncate_unsigned                 - Undefined Weak Reference
    _rand_init                                - Undefined Weak Reference
    _signal_finish                            - Undefined Weak Reference
    _signal_init                              - Undefined Weak Reference
    _terminate_alloc                          - Undefined Weak Reference
    _terminate_user_alloc                     - Undefined Weak Reference
    _terminateio                              - Undefined Weak Reference
    __Vectors_Size                           0x00000150   Number         0  startup_stm32f10x_cl.o ABSOLUTE
    __Vectors                                0x08000000   Data           4  startup_stm32f10x_cl.o(RESET)
    __Vectors_End                            0x08000150   Data           0  startup_stm32f10x_cl.o(RESET)
    __main                                   0x08000151   Thumb Code     8  __main.o(!!!main)
    __scatterload                            0x08000159   Thumb Code     0  __scatter.o(!!!scatter)
    __scatterload_rt2                        0x08000159   Thumb Code    44  __scatter.o(!!!scatter)
    __scatterload_rt2_thumb_only             0x08000159   Thumb Code     0  __scatter.o(!!!scatter)
    __scatterload_null                       0x08000167   Thumb Code     0  __scatter.o(!!!scatter)
    __scatterload_copy                       0x0800018d   Thumb Code    26  __scatter_copy.o(!!handler_copy)
    __scatterload_zeroinit                   0x080001a9   Thumb Code    28  __scatter_zi.o(!!handler_zi)
    _printf_d                                0x080001c5   Thumb Code     0  _printf_d.o(.ARM.Collect$$_printf_percent$$00000009)
    _printf_percent                          0x080001c5   Thumb Code     0  _printf_percent.o(.ARM.Collect$$_printf_percent$$00000000)
    _printf_x                                0x080001cb   Thumb Code     0  _printf_x.o(.ARM.Collect$$_printf_percent$$0000000C)
    _printf_s                                0x080001d1   Thumb Code     0  _printf_s.o(.ARM.Collect$$_printf_percent$$00000014)
    _printf_percent_end                      0x080001d7   Thumb Code     0  _printf_percent_end.o(.ARM.Collect$$_printf_percent$$00000017)
    __rt_lib_init                            0x080001db   Thumb Code     0  libinit.o(.ARM.Collect$$libinit$$00000000)
    __rt_lib_init_alloca_1                   0x080001dd   Thumb Code     0  libinit2.o(.ARM.Collect$$libinit$$0000002E)
    __rt_lib_init_argv_1                     0x080001dd   Thumb Code     0  libinit2.o(.ARM.Collect$$libinit$$0000002C)
    __rt_lib_init_atexit_1                   0x080001dd   Thumb Code     0  libinit2.o(.ARM.Collect$$libinit$$0000001B)
    __rt_lib_init_clock_1                    0x080001dd   Thumb Code     0  libinit2.o(.ARM.Collect$$libinit$$00000021)
    __rt_lib_init_cpp_1                      0x080001dd   Thumb Code     0  libinit2.o(.ARM.Collect$$libinit$$00000032)
    __rt_lib_init_exceptions_1               0x080001dd   Thumb Code     0  libinit2.o(.ARM.Collect$$libinit$$00000030)
    __rt_lib_init_fp_1                       0x080001dd   Thumb Code     0  libinit2.o(.ARM.Collect$$libinit$$00000002)
    __rt_lib_init_fp_trap_1                  0x080001dd   Thumb Code     0  libinit2.o(.ARM.Collect$$libinit$$0000001F)
    __rt_lib_init_getenv_1                   0x080001dd   Thumb Code     0  libinit2.o(.ARM.Collect$$libinit$$00000023)
    __rt_lib_init_heap_1                     0x080001dd   Thumb Code     0  libinit2.o(.ARM.Collect$$libinit$$0000000A)
    __rt_lib_init_lc_collate_1               0x080001dd   Thumb Code     0  libinit2.o(.ARM.Collect$$libinit$$00000011)
    __rt_lib_init_lc_ctype_1                 0x080001dd   Thumb Code     0  libinit2.o(.ARM.Collect$$libinit$$00000013)
    __rt_lib_init_lc_monetary_1              0x080001dd   Thumb Code     0  libinit2.o(.ARM.Collect$$libinit$$00000015)
    __rt_lib_init_lc_numeric_1               0x080001dd   Thumb Code     0  libinit2.o(.ARM.Collect$$libinit$$00000017)
    __rt_lib_init_lc_time_1                  0x080001dd   Thumb Code     0  libinit2.o(.ARM.Collect$$libinit$$00000019)
    __rt_lib_init_preinit_1                  0x080001dd   Thumb Code     0  libinit2.o(.ARM.Collect$$libinit$$00000004)
    __rt_lib_init_rand_1                     0x080001dd   Thumb Code     0  libinit2.o(.ARM.Collect$$libinit$$0000000E)
    __rt_lib_init_return                     0x080001dd   Thumb Code     0  libinit2.o(.ARM.Collect$$libinit$$00000033)
    __rt_lib_init_signal_1                   0x080001dd   Thumb Code     0  libinit2.o(.ARM.Collect$$libinit$$0000001D)
    __rt_lib_init_stdio_1                    0x080001dd   Thumb Code     0  libinit2.o(.ARM.Collect$$libinit$$00000025)
    __rt_lib_init_user_alloc_1               0x080001dd   Thumb Code     0  libinit2.o(.ARM.Collect$$libinit$$0000000C)
    __rt_lib_shutdown                        0x080001df   Thumb Code     0  libshutdown.o(.ARM.Collect$$libshutdown$$00000000)
    __rt_lib_shutdown_cpp_1                  0x080001e1   Thumb Code     0  libshutdown2.o(.ARM.Collect$$libshutdown$$00000002)
    __rt_lib_shutdown_fp_trap_1              0x080001e1   Thumb Code     0  libshutdown2.o(.ARM.Collect$$libshutdown$$00000007)
    __rt_lib_shutdown_heap_1                 0x080001e1   Thumb Code     0  libshutdown2.o(.ARM.Collect$$libshutdown$$0000000F)
    __rt_lib_shutdown_return                 0x080001e1   Thumb Code     0  libshutdown2.o(.ARM.Collect$$libshutdown$$00000010)
    __rt_lib_shutdown_signal_1               0x080001e1   Thumb Code     0  libshutdown2.o(.ARM.Collect$$libshutdown$$0000000A)
    __rt_lib_shutdown_stdio_1                0x080001e1   Thumb Code     0  libshutdown2.o(.ARM.Collect$$libshutdown$$00000004)
    __rt_lib_shutdown_user_alloc_1           0x080001e1   Thumb Code     0  libshutdown2.o(.ARM.Collect$$libshutdown$$0000000C)
    __rt_entry                               0x080001e3   Thumb Code     0  __rtentry.o(.ARM.Collect$$rtentry$$00000000)
    __rt_entry_presh_1                       0x080001e3   Thumb Code     0  __rtentry2.o(.ARM.Collect$$rtentry$$00000002)
    __rt_entry_sh                            0x080001e3   Thumb Code     0  __rtentry4.o(.ARM.Collect$$rtentry$$00000004)
    __rt_entry_li                            0x080001e9   Thumb Code     0  __rtentry2.o(.ARM.Collect$$rtentry$$0000000A)
    __rt_entry_postsh_1                      0x080001e9   Thumb Code     0  __rtentry2.o(.ARM.Collect$$rtentry$$00000009)
    __rt_entry_main                          0x080001ed   Thumb Code     0  __rtentry2.o(.ARM.Collect$$rtentry$$0000000D)
    __rt_entry_postli_1                      0x080001ed   Thumb Code     0  __rtentry2.o(.ARM.Collect$$rtentry$$0000000C)
    __rt_exit                                0x080001f5   Thumb Code     0  rtexit.o(.ARM.Collect$$rtexit$$00000000)
    __rt_exit_ls                             0x080001f7   Thumb Code     0  rtexit2.o(.ARM.Collect$$rtexit$$00000003)
    __rt_exit_prels_1                        0x080001f7   Thumb Code     0  rtexit2.o(.ARM.Collect$$rtexit$$00000002)
    __rt_exit_exit                           0x080001fb   Thumb Code     0  rtexit2.o(.ARM.Collect$$rtexit$$00000004)
    Reset_Handler                            0x08000201   Thumb Code     8  startup_stm32f10x_cl.o(.text)
    ADC1_2_IRQHandler                        0x0800021b   Thumb Code     0  startup_stm32f10x_cl.o(.text)
    CAN1_RX1_IRQHandler                      0x0800021b   Thumb Code     0  startup_stm32f10x_cl.o(.text)
    CAN1_SCE_IRQHandler                      0x0800021b   Thumb Code     0  startup_stm32f10x_cl.o(.text)
    CAN1_TX_IRQHandler                       0x0800021b   Thumb Code     0  startup_stm32f10x_cl.o(.text)
    CAN2_SCE_IRQHandler                      0x0800021b   Thumb Code     0  startup_stm32f10x_cl.o(.text)
    CAN2_TX_IRQHandler                       0x0800021b   Thumb Code     0  startup_stm32f10x_cl.o(.text)
    DMA1_Channel1_IRQHandler                 0x0800021b   Thumb Code     0  startup_stm32f10x_cl.o(.text)
    DMA1_Channel2_IRQHandler                 0x0800021b   Thumb Code     0  startup_stm32f10x_cl.o(.text)
    DMA1_Channel3_IRQHandler                 0x0800021b   Thumb Code     0  startup_stm32f10x_cl.o(.text)
    DMA1_Channel4_IRQHandler                 0x0800021b   Thumb Code     0  startup_stm32f10x_cl.o(.text)
    DMA1_Channel5_IRQHandler                 0x0800021b   Thumb Code     0  startup_stm32f10x_cl.o(.text)
    DMA1_Channel6_IRQHandler                 0x0800021b   Thumb Code     0  startup_stm32f10x_cl.o(.text)
    DMA1_Channel7_IRQHandler                 0x0800021b   Thumb Code     0  startup_stm32f10x_cl.o(.text)
    DMA2_Channel1_IRQHandler                 0x0800021b   Thumb Code     0  startup_stm32f10x_cl.o(.text)
    DMA2_Channel2_IRQHandler                 0x0800021b   Thumb Code     0  startup_stm32f10x_cl.o(.text)
    DMA2_Channel3_IRQHandler                 0x0800021b   Thumb Code     0  startup_stm32f10x_cl.o(.text)
    DMA2_Channel4_IRQHandler                 0x0800021b   Thumb Code     0  startup_stm32f10x_cl.o(.text)
    DMA2_Channel5_IRQHandler                 0x0800021b   Thumb Code     0  startup_stm32f10x_cl.o(.text)
    ETH_IRQHandler                           0x0800021b   Thumb Code     0  startup_stm32f10x_cl.o(.text)
    ETH_WKUP_IRQHandler                      0x0800021b   Thumb Code     0  startup_stm32f10x_cl.o(.text)
    EXTI0_IRQHandler                         0x0800021b   Thumb Code     0  startup_stm32f10x_cl.o(.text)
    EXTI15_10_IRQHandler                     0x0800021b   Thumb Code     0  startup_stm32f10x_cl.o(.text)
    EXTI1_IRQHandler                         0x0800021b   Thumb Code     0  startup_stm32f10x_cl.o(.text)
    EXTI2_IRQHandler                         0x0800021b   Thumb Code     0  startup_stm32f10x_cl.o(.text)
    EXTI3_IRQHandler                         0x0800021b   Thumb Code     0  startup_stm32f10x_cl.o(.text)
    EXTI4_IRQHandler                         0x0800021b   Thumb Code     0  startup_stm32f10x_cl.o(.text)
    EXTI9_5_IRQHandler                       0x0800021b   Thumb Code     0  startup_stm32f10x_cl.o(.text)
    FLASH_IRQHandler                         0x0800021b   Thumb Code     0  startup_stm32f10x_cl.o(.text)
    I2C1_ER_IRQHandler                       0x0800021b   Thumb Code     0  startup_stm32f10x_cl.o(.text)
    I2C1_EV_IRQHandler                       0x0800021b   Thumb Code     0  startup_stm32f10x_cl.o(.text)
    I2C2_ER_IRQHandler                       0x0800021b   Thumb Code     0  startup_stm32f10x_cl.o(.text)
    I2C2_EV_IRQHandler                       0x0800021b   Thumb Code     0  startup_stm32f10x_cl.o(.text)
    OTG_FS_IRQHandler                        0x0800021b   Thumb Code     0  startup_stm32f10x_cl.o(.text)
    OTG_FS_WKUP_IRQHandler                   0x0800021b   Thumb Code     0  startup_stm32f10x_cl.o(.text)
    PVD_IRQHandler                           0x0800021b   Thumb Code     0  startup_stm32f10x_cl.o(.text)
    RCC_IRQHandler                           0x0800021b   Thumb Code     0  startup_stm32f10x_cl.o(.text)
    RTCAlarm_IRQHandler                      0x0800021b   Thumb Code     0  startup_stm32f10x_cl.o(.text)
    RTC_IRQHandler                           0x0800021b   Thumb Code     0  startup_stm32f10x_cl.o(.text)
    SPI1_IRQHandler                          0x0800021b   Thumb Code     0  startup_stm32f10x_cl.o(.text)
    SPI2_IRQHandler                          0x0800021b   Thumb Code     0  startup_stm32f10x_cl.o(.text)
    SPI3_IRQHandler                          0x0800021b   Thumb Code     0  startup_stm32f10x_cl.o(.text)
    TAMPER_IRQHandler                        0x0800021b   Thumb Code     0  startup_stm32f10x_cl.o(.text)
    TIM1_BRK_IRQHandler                      0x0800021b   Thumb Code     0  startup_stm32f10x_cl.o(.text)
    TIM1_CC_IRQHandler                       0x0800021b   Thumb Code     0  startup_stm32f10x_cl.o(.text)
    TIM1_TRG_COM_IRQHandler                  0x0800021b   Thumb Code     0  startup_stm32f10x_cl.o(.text)
    TIM1_UP_IRQHandler                       0x0800021b   Thumb Code     0  startup_stm32f10x_cl.o(.text)
    TIM2_IRQHandler                          0x0800021b   Thumb Code     0  startup_stm32f10x_cl.o(.text)
    TIM3_IRQHandler                          0x0800021b   Thumb Code     0  startup_stm32f10x_cl.o(.text)
    TIM4_IRQHandler                          0x0800021b   Thumb Code     0  startup_stm32f10x_cl.o(.text)
    TIM5_IRQHandler                          0x0800021b   Thumb Code     0  startup_stm32f10x_cl.o(.text)
    TIM6_IRQHandler                          0x0800021b   Thumb Code     0  startup_stm32f10x_cl.o(.text)
    TIM7_IRQHandler                          0x0800021b   Thumb Code     0  startup_stm32f10x_cl.o(.text)
    UART5_IRQHandler                         0x0800021b   Thumb Code     0  startup_stm32f10x_cl.o(.text)
    WWDG_IRQHandler                          0x0800021b   Thumb Code     0  startup_stm32f10x_cl.o(.text)
    __user_initial_stackheap                 0x0800021d   Thumb Code     0  startup_stm32f10x_cl.o(.text)
    print_modbus                             0x08000241   Thumb Code    68  main.o(.text)
    main                                     0x08000285   Thumb Code   206  main.o(.text)
    NMI_Handler                              0x08000445   Thumb Code     2  stm32f10x_it.o(.text)
    USART1_IRQHandler                        0x08000447   Thumb Code    46  stm32f10x_it.o(.text)
    USART2_IRQHandler                        0x08000475   Thumb Code     2  stm32f10x_it.o(.text)
    CAN1_RX0_IRQHandler                      0x08000477   Thumb Code     2  stm32f10x_it.o(.text)
    CAN2_RX1_IRQHandler                      0x08000479   Thumb Code     2  stm32f10x_it.o(.text)
    CAN2_RX0_IRQHandler                      0x0800047b   Thumb Code     2  stm32f10x_it.o(.text)
    HardFault_Handler                        0x0800047d   Thumb Code     4  stm32f10x_it.o(.text)
    MemManage_Handler                        0x08000481   Thumb Code     4  stm32f10x_it.o(.text)
    BusFault_Handler                         0x08000485   Thumb Code     4  stm32f10x_it.o(.text)
    UsageFault_Handler                       0x08000489   Thumb Code     4  stm32f10x_it.o(.text)
    SVC_Handler                              0x0800048d   Thumb Code     2  stm32f10x_it.o(.text)
    DebugMon_Handler                         0x0800048f   Thumb Code     2  stm32f10x_it.o(.text)
    PendSV_Handler                           0x08000491   Thumb Code     2  stm32f10x_it.o(.text)
    SysTick_Handler                          0x08000493   Thumb Code     2  stm32f10x_it.o(.text)
    delay                                    0x08000499   Thumb Code    10  pbdata.o(.text)
    delay_us                                 0x080004a3   Thumb Code    54  pbdata.o(.text)
    delay_ms                                 0x080004d9   Thumb Code    56  pbdata.o(.text)
    bsp_init                                 0x08000511   Thumb Code    20  bsp.o(.text)
    LED_Config                               0x08000525   Thumb Code    38  led.o(.text)
    _sys_exit                                0x08000551   Thumb Code     6  usart.o(.text)
    fputc                                    0x08000557   Thumb Code    24  usart.o(.text)
    USART_Configuration                      0x0800056f   Thumb Code   182  usart.o(.text)
    USART_Send                               0x08000625   Thumb Code    48  usart.o(.text)
    USART_STR                                0x08000655   Thumb Code    54  usart.o(.text)
    Modbus_Master_Init                       0x08000c13   Thumb Code    24  485.o(.text)
    Modbus_Slave_Init                        0x08000c2b   Thumb Code    24  485.o(.text)
    ModBus_MasterSend                        0x08000c43   Thumb Code    44  485.o(.text)
    ModBus_SlaveSend                         0x08000c6f   Thumb Code    34  485.o(.text)
    ModBus_MasterGet                         0x08000c91   Thumb Code    32  485.o(.text)
    ModBus_TimerEvent                        0x08000cb1   Thumb Code    42  485.o(.text)
    USART3_IRQHandler                        0x08000cdb   Thumb Code     8  485.o(.text)
    UART4_IRQHandler                         0x08000ce3   Thumb Code     8  485.o(.text)
    KEY_Init                                 0x08000d0d   Thumb Code    42  key.o(.text)
    KEY_Scan                                 0x08000d37   Thumb Code   120  key.o(.text)
    crc16bitbybit                            0x08000dbd   Thumb Code    62  modbus_crc.o(.text)
    crc16table                               0x08000dfb   Thumb Code    48  modbus_crc.o(.text)
    crc16tablefast                           0x08000e2b   Thumb Code    62  modbus_crc.o(.text)
    NVIC_PriorityGroupConfig                 0x08000e75   Thumb Code    10  misc.o(.text)
    NVIC_Init                                0x08000e7f   Thumb Code   100  misc.o(.text)
    NVIC_SetVectorTable                      0x08000ee3   Thumb Code    14  misc.o(.text)
    NVIC_SystemLPConfig                      0x08000ef1   Thumb Code    34  misc.o(.text)
    SysTick_CLKSourceConfig                  0x08000f13   Thumb Code    40  misc.o(.text)
    RCC_DeInit                               0x08000f51   Thumb Code    78  stm32f10x_rcc.o(.text)
    RCC_HSEConfig                            0x08000f9f   Thumb Code    70  stm32f10x_rcc.o(.text)
    RCC_GetFlagStatus                        0x08000fe5   Thumb Code    56  stm32f10x_rcc.o(.text)
    RCC_WaitForHSEStartUp                    0x0800101d   Thumb Code    56  stm32f10x_rcc.o(.text)
    RCC_AdjustHSICalibrationValue            0x08001055   Thumb Code    20  stm32f10x_rcc.o(.text)
    RCC_HSICmd                               0x08001069   Thumb Code     6  stm32f10x_rcc.o(.text)
    RCC_PLLConfig                            0x0800106f   Thumb Code    24  stm32f10x_rcc.o(.text)
    RCC_PLLCmd                               0x08001087   Thumb Code     6  stm32f10x_rcc.o(.text)
    RCC_PREDIV1Config                        0x0800108d   Thumb Code    24  stm32f10x_rcc.o(.text)
    RCC_PREDIV2Config                        0x080010a5   Thumb Code    18  stm32f10x_rcc.o(.text)
    RCC_PLL2Config                           0x080010b7   Thumb Code    18  stm32f10x_rcc.o(.text)
    RCC_PLL2Cmd                              0x080010c9   Thumb Code     6  stm32f10x_rcc.o(.text)
    RCC_PLL3Config                           0x080010cf   Thumb Code    18  stm32f10x_rcc.o(.text)
    RCC_PLL3Cmd                              0x080010e1   Thumb Code     6  stm32f10x_rcc.o(.text)
    RCC_SYSCLKConfig                         0x080010e7   Thumb Code    18  stm32f10x_rcc.o(.text)
    RCC_GetSYSCLKSource                      0x080010f9   Thumb Code    10  stm32f10x_rcc.o(.text)
    RCC_HCLKConfig                           0x08001103   Thumb Code    18  stm32f10x_rcc.o(.text)
    RCC_PCLK1Config                          0x08001115   Thumb Code    18  stm32f10x_rcc.o(.text)
    RCC_PCLK2Config                          0x08001127   Thumb Code    20  stm32f10x_rcc.o(.text)
    RCC_ITConfig                             0x0800113b   Thumb Code    26  stm32f10x_rcc.o(.text)
    RCC_OTGFSCLKConfig                       0x08001155   Thumb Code     8  stm32f10x_rcc.o(.text)
    RCC_ADCCLKConfig                         0x0800115d   Thumb Code    18  stm32f10x_rcc.o(.text)
    RCC_I2S2CLKConfig                        0x0800116f   Thumb Code     6  stm32f10x_rcc.o(.text)
    RCC_I2S3CLKConfig                        0x08001175   Thumb Code     8  stm32f10x_rcc.o(.text)
    RCC_LSEConfig                            0x0800117d   Thumb Code    50  stm32f10x_rcc.o(.text)
    RCC_LSICmd                               0x080011af   Thumb Code     6  stm32f10x_rcc.o(.text)
    RCC_RTCCLKConfig                         0x080011b5   Thumb Code    12  stm32f10x_rcc.o(.text)
    RCC_RTCCLKCmd                            0x080011c1   Thumb Code     8  stm32f10x_rcc.o(.text)
    RCC_GetClocksFreq                        0x080011c9   Thumb Code   420  stm32f10x_rcc.o(.text)
    RCC_AHBPeriphClockCmd                    0x0800136d   Thumb Code    26  stm32f10x_rcc.o(.text)
    RCC_APB2PeriphClockCmd                   0x08001387   Thumb Code    26  stm32f10x_rcc.o(.text)
    RCC_APB1PeriphClockCmd                   0x080013a1   Thumb Code    26  stm32f10x_rcc.o(.text)
    RCC_AHBPeriphResetCmd                    0x080013bb   Thumb Code    26  stm32f10x_rcc.o(.text)
    RCC_APB2PeriphResetCmd                   0x080013d5   Thumb Code    26  stm32f10x_rcc.o(.text)
    RCC_APB1PeriphResetCmd                   0x080013ef   Thumb Code    26  stm32f10x_rcc.o(.text)
    RCC_BackupResetCmd                       0x08001409   Thumb Code     6  stm32f10x_rcc.o(.text)
    RCC_ClockSecuritySystemCmd               0x0800140f   Thumb Code     6  stm32f10x_rcc.o(.text)
    RCC_MCOConfig                            0x08001415   Thumb Code     6  stm32f10x_rcc.o(.text)
    RCC_ClearFlag                            0x0800141b   Thumb Code    14  stm32f10x_rcc.o(.text)
    RCC_GetITStatus                          0x08001429   Thumb Code    20  stm32f10x_rcc.o(.text)
    RCC_ClearITPendingBit                    0x0800143d   Thumb Code     6  stm32f10x_rcc.o(.text)
    GPIO_DeInit                              0x08001451   Thumb Code   172  stm32f10x_gpio.o(.text)
    GPIO_AFIODeInit                          0x080014fd   Thumb Code    20  stm32f10x_gpio.o(.text)
    GPIO_Init                                0x08001511   Thumb Code   278  stm32f10x_gpio.o(.text)
    GPIO_StructInit                          0x08001627   Thumb Code    16  stm32f10x_gpio.o(.text)
    GPIO_ReadInputDataBit                    0x08001637   Thumb Code    18  stm32f10x_gpio.o(.text)
    GPIO_ReadInputData                       0x08001649   Thumb Code     8  stm32f10x_gpio.o(.text)
    GPIO_ReadOutputDataBit                   0x08001651   Thumb Code    18  stm32f10x_gpio.o(.text)
    GPIO_ReadOutputData                      0x08001663   Thumb Code     8  stm32f10x_gpio.o(.text)
    GPIO_SetBits                             0x0800166b   Thumb Code     4  stm32f10x_gpio.o(.text)
    GPIO_ResetBits                           0x0800166f   Thumb Code     4  stm32f10x_gpio.o(.text)
    GPIO_WriteBit                            0x08001673   Thumb Code    10  stm32f10x_gpio.o(.text)
    GPIO_Write                               0x0800167d   Thumb Code     4  stm32f10x_gpio.o(.text)
    GPIO_PinLockConfig                       0x08001681   Thumb Code    18  stm32f10x_gpio.o(.text)
    GPIO_EventOutputConfig                   0x08001693   Thumb Code    26  stm32f10x_gpio.o(.text)
    GPIO_EventOutputCmd                      0x080016ad   Thumb Code     6  stm32f10x_gpio.o(.text)
    GPIO_PinRemapConfig                      0x080016b3   Thumb Code   138  stm32f10x_gpio.o(.text)
    GPIO_EXTILineConfig                      0x0800173d   Thumb Code    66  stm32f10x_gpio.o(.text)
    GPIO_ETH_MediaInterfaceConfig            0x0800177f   Thumb Code     8  stm32f10x_gpio.o(.text)
    USART_DeInit                             0x080017ad   Thumb Code   134  stm32f10x_usart.o(.text)
    USART_Init                               0x08001833   Thumb Code   210  stm32f10x_usart.o(.text)
    USART_StructInit                         0x08001905   Thumb Code    24  stm32f10x_usart.o(.text)
    USART_ClockInit                          0x0800191d   Thumb Code    34  stm32f10x_usart.o(.text)
    USART_ClockStructInit                    0x0800193f   Thumb Code    12  stm32f10x_usart.o(.text)
    USART_Cmd                                0x0800194b   Thumb Code    24  stm32f10x_usart.o(.text)
    USART_ITConfig                           0x08001963   Thumb Code    74  stm32f10x_usart.o(.text)
    USART_DMACmd                             0x080019ad   Thumb Code    18  stm32f10x_usart.o(.text)
    USART_SetAddress                         0x080019bf   Thumb Code    18  stm32f10x_usart.o(.text)
    USART_WakeUpConfig                       0x080019d1   Thumb Code    18  stm32f10x_usart.o(.text)
    USART_ReceiverWakeUpCmd                  0x080019e3   Thumb Code    24  stm32f10x_usart.o(.text)
    USART_LINBreakDetectLengthConfig         0x080019fb   Thumb Code    18  stm32f10x_usart.o(.text)
    USART_LINCmd                             0x08001a0d   Thumb Code    24  stm32f10x_usart.o(.text)
    USART_SendData                           0x08001a25   Thumb Code     8  stm32f10x_usart.o(.text)
    USART_ReceiveData                        0x08001a2d   Thumb Code    10  stm32f10x_usart.o(.text)
    USART_SendBreak                          0x08001a37   Thumb Code    10  stm32f10x_usart.o(.text)
    USART_SetGuardTime                       0x08001a41   Thumb Code    16  stm32f10x_usart.o(.text)
    USART_SetPrescaler                       0x08001a51   Thumb Code    16  stm32f10x_usart.o(.text)
    USART_SmartCardCmd                       0x08001a61   Thumb Code    24  stm32f10x_usart.o(.text)
    USART_SmartCardNACKCmd                   0x08001a79   Thumb Code    24  stm32f10x_usart.o(.text)
    USART_HalfDuplexCmd                      0x08001a91   Thumb Code    24  stm32f10x_usart.o(.text)
    USART_OverSampling8Cmd                   0x08001aa9   Thumb Code    22  stm32f10x_usart.o(.text)
    USART_OneBitMethodCmd                    0x08001abf   Thumb Code    24  stm32f10x_usart.o(.text)
    USART_IrDAConfig                         0x08001ad7   Thumb Code    18  stm32f10x_usart.o(.text)
    USART_IrDACmd                            0x08001ae9   Thumb Code    24  stm32f10x_usart.o(.text)
    USART_GetFlagStatus                      0x08001b01   Thumb Code    26  stm32f10x_usart.o(.text)
    USART_ClearFlag                          0x08001b1b   Thumb Code    18  stm32f10x_usart.o(.text)
    USART_GetITStatus                        0x08001b2d   Thumb Code    84  stm32f10x_usart.o(.text)
    USART_ClearITPendingBit                  0x08001b81   Thumb Code    52  stm32f10x_usart.o(.text)
    SystemInit                               0x08001c99   Thumb Code    68  system_stm32f10x.o(.text)
    __use_no_semihosting                     0x08001ced   Thumb Code     2  use_no_semi_2.o(.text)
    __2printf                                0x08001cf1   Thumb Code    20  noretval__2printf.o(.text)
    __printf                                 0x08001d09   Thumb Code   104  __printf.o(.text)
    _printf_str                              0x08001d71   Thumb Code    82  _printf_str.o(.text)
    _printf_int_dec                          0x08001dc5   Thumb Code   104  _printf_dec.o(.text)
    _printf_int_hex                          0x08001e3d   Thumb Code    84  _printf_hex_int.o(.text)
    _printf_longlong_hex                     0x08001e3d   Thumb Code     0  _printf_hex_int.o(.text)
    strlen                                   0x08001e95   Thumb Code    62  strlen.o(.text)
    __use_two_region_memory                  0x08001ed3   Thumb Code     2  heapauxi.o(.text)
    __rt_heap_escrow$2region                 0x08001ed5   Thumb Code     2  heapauxi.o(.text)
    __rt_heap_expand$2region                 0x08001ed7   Thumb Code     2  heapauxi.o(.text)
    __I$use$semihosting                      0x08001ed9   Thumb Code     0  use_no_semi.o(.text)
    __use_no_semihosting_swi                 0x08001ed9   Thumb Code     2  use_no_semi.o(.text)
    _printf_int_common                       0x08001edb   Thumb Code   178  _printf_intcommon.o(.text)
    _printf_cs_common                        0x08001f8d   Thumb Code    20  _printf_char.o(.text)
    _printf_char                             0x08001fa1   Thumb Code    16  _printf_char.o(.text)
    _printf_string                           0x08001fb1   Thumb Code     8  _printf_char.o(.text)
    _printf_char_file                        0x08001fb9   Thumb Code    32  _printf_char_file.o(.text)
    _printf_char_common                      0x08001fe7   Thumb Code    32  _printf_char_common.o(.text)
    ferror                                   0x0800200d   Thumb Code     8  ferror.o(.text)
    __user_setup_stackheap                   0x08002015   Thumb Code    74  sys_stackheap_outer.o(.text)
    exit                                     0x0800205f   Thumb Code    18  exit.o(.text)
    __user_libspace                          0x08002071   Thumb Code     8  libspace.o(.text)
    __user_perproc_libspace                  0x08002071   Thumb Code     0  libspace.o(.text)
    __user_perthread_libspace                0x08002071   Thumb Code     0  libspace.o(.text)
    polynom                                  0x08002078   Data           2  modbus_crc.o(.constdata)
    crctablehi                               0x0800207a   Data         256  modbus_crc.o(.constdata)
    crctablelo                               0x0800217a   Data         256  modbus_crc.o(.constdata)
    crctalbeabs                              0x0800227a   Data          32  modbus_crc.o(.constdata)
    Region$$Table$$Base                      0x080022c4   Number         0  anon$$obj.o(Region$$Table)
    Region$$Table$$Limit                     0x080022e4   Number         0  anon$$obj.o(Region$$Table)
    __stdout                                 0x20000000   Data           4  usart.o(.data)
    __libspace_start                         0x2000012c   Data          96  libspace.o(.bss)
    __temporary_stack_top$libspace           0x2000018c   Data           0  libspace.o(.bss)



==============================================================================

Memory Map of the image

  Image Entry point : 0x08000151

  Load Region LR_IROM1 (Base: 0x08000000, Size: 0x00002308, Max: 0x00020000, ABSOLUTE)

    Execution Region ER_IROM1 (Exec base: 0x08000000, Load base: 0x08000000, Size: 0x000022e4, Max: 0x00020000, ABSOLUTE)

    Exec Addr    Load Addr    Size         Type   Attr      Idx    E Section Name        Object

    0x08000000   0x08000000   0x00000150   Data   RO            3    RESET               startup_stm32f10x_cl.o
    0x08000150   0x08000150   0x00000008   Code   RO          426  * !!!main             c_w.l(__main.o)
    0x08000158   0x08000158   0x00000034   Code   RO          596    !!!scatter          c_w.l(__scatter.o)
    0x0800018c   0x0800018c   0x0000001a   Code   RO          598    !!handler_copy      c_w.l(__scatter_copy.o)
    0x080001a6   0x080001a6   0x00000002   PAD
    0x080001a8   0x080001a8   0x0000001c   Code   RO          600    !!handler_zi        c_w.l(__scatter_zi.o)
    0x080001c4   0x080001c4   0x00000000   Code   RO          421    .ARM.Collect$$_printf_percent$$00000000  c_w.l(_printf_percent.o)
    0x080001c4   0x080001c4   0x00000006   Code   RO          420    .ARM.Collect$$_printf_percent$$00000009  c_w.l(_printf_d.o)
    0x080001ca   0x080001ca   0x00000006   Code   RO          419    .ARM.Collect$$_printf_percent$$0000000C  c_w.l(_printf_x.o)
    0x080001d0   0x080001d0   0x00000006   Code   RO          418    .ARM.Collect$$_printf_percent$$00000014  c_w.l(_printf_s.o)
    0x080001d6   0x080001d6   0x00000004   Code   RO          437    .ARM.Collect$$_printf_percent$$00000017  c_w.l(_printf_percent_end.o)
    0x080001da   0x080001da   0x00000002   Code   RO          470    .ARM.Collect$$libinit$$00000000  c_w.l(libinit.o)
    0x080001dc   0x080001dc   0x00000000   Code   RO          477    .ARM.Collect$$libinit$$00000002  c_w.l(libinit2.o)
    0x080001dc   0x080001dc   0x00000000   Code   RO          479    .ARM.Collect$$libinit$$00000004  c_w.l(libinit2.o)
    0x080001dc   0x080001dc   0x00000000   Code   RO          482    .ARM.Collect$$libinit$$0000000A  c_w.l(libinit2.o)
    0x080001dc   0x080001dc   0x00000000   Code   RO          484    .ARM.Collect$$libinit$$0000000C  c_w.l(libinit2.o)
    0x080001dc   0x080001dc   0x00000000   Code   RO          486    .ARM.Collect$$libinit$$0000000E  c_w.l(libinit2.o)
    0x080001dc   0x080001dc   0x00000000   Code   RO          489    .ARM.Collect$$libinit$$00000011  c_w.l(libinit2.o)
    0x080001dc   0x080001dc   0x00000000   Code   RO          491    .ARM.Collect$$libinit$$00000013  c_w.l(libinit2.o)
    0x080001dc   0x080001dc   0x00000000   Code   RO          493    .ARM.Collect$$libinit$$00000015  c_w.l(libinit2.o)
    0x080001dc   0x080001dc   0x00000000   Code   RO          495    .ARM.Collect$$libinit$$00000017  c_w.l(libinit2.o)
    0x080001dc   0x080001dc   0x00000000   Code   RO          497    .ARM.Collect$$libinit$$00000019  c_w.l(libinit2.o)
    0x080001dc   0x080001dc   0x00000000   Code   RO          499    .ARM.Collect$$libinit$$0000001B  c_w.l(libinit2.o)
    0x080001dc   0x080001dc   0x00000000   Code   RO          501    .ARM.Collect$$libinit$$0000001D  c_w.l(libinit2.o)
    0x080001dc   0x080001dc   0x00000000   Code   RO          503    .ARM.Collect$$libinit$$0000001F  c_w.l(libinit2.o)
    0x080001dc   0x080001dc   0x00000000   Code   RO          505    .ARM.Collect$$libinit$$00000021  c_w.l(libinit2.o)
    0x080001dc   0x080001dc   0x00000000   Code   RO          507    .ARM.Collect$$libinit$$00000023  c_w.l(libinit2.o)
    0x080001dc   0x080001dc   0x00000000   Code   RO          509    .ARM.Collect$$libinit$$00000025  c_w.l(libinit2.o)
    0x080001dc   0x080001dc   0x00000000   Code   RO          513    .ARM.Collect$$libinit$$0000002C  c_w.l(libinit2.o)
    0x080001dc   0x080001dc   0x00000000   Code   RO          515    .ARM.Collect$$libinit$$0000002E  c_w.l(libinit2.o)
    0x080001dc   0x080001dc   0x00000000   Code   RO          517    .ARM.Collect$$libinit$$00000030  c_w.l(libinit2.o)
    0x080001dc   0x080001dc   0x00000000   Code   RO          519    .ARM.Collect$$libinit$$00000032  c_w.l(libinit2.o)
    0x080001dc   0x080001dc   0x00000002   Code   RO          520    .ARM.Collect$$libinit$$00000033  c_w.l(libinit2.o)
    0x080001de   0x080001de   0x00000002   Code   RO          538    .ARM.Collect$$libshutdown$$00000000  c_w.l(libshutdown.o)
    0x080001e0   0x080001e0   0x00000000   Code   RO          548    .ARM.Collect$$libshutdown$$00000002  c_w.l(libshutdown2.o)
    0x080001e0   0x080001e0   0x00000000   Code   RO          550    .ARM.Collect$$libshutdown$$00000004  c_w.l(libshutdown2.o)
    0x080001e0   0x080001e0   0x00000000   Code   RO          553    .ARM.Collect$$libshutdown$$00000007  c_w.l(libshutdown2.o)
    0x080001e0   0x080001e0   0x00000000   Code   RO          556    .ARM.Collect$$libshutdown$$0000000A  c_w.l(libshutdown2.o)
    0x080001e0   0x080001e0   0x00000000   Code   RO          558    .ARM.Collect$$libshutdown$$0000000C  c_w.l(libshutdown2.o)
    0x080001e0   0x080001e0   0x00000000   Code   RO          561    .ARM.Collect$$libshutdown$$0000000F  c_w.l(libshutdown2.o)
    0x080001e0   0x080001e0   0x00000002   Code   RO          562    .ARM.Collect$$libshutdown$$00000010  c_w.l(libshutdown2.o)
    0x080001e2   0x080001e2   0x00000000   Code   RO          430    .ARM.Collect$$rtentry$$00000000  c_w.l(__rtentry.o)
    0x080001e2   0x080001e2   0x00000000   Code   RO          439    .ARM.Collect$$rtentry$$00000002  c_w.l(__rtentry2.o)
    0x080001e2   0x080001e2   0x00000006   Code   RO          451    .ARM.Collect$$rtentry$$00000004  c_w.l(__rtentry4.o)
    0x080001e8   0x080001e8   0x00000000   Code   RO          441    .ARM.Collect$$rtentry$$00000009  c_w.l(__rtentry2.o)
    0x080001e8   0x080001e8   0x00000004   Code   RO          442    .ARM.Collect$$rtentry$$0000000A  c_w.l(__rtentry2.o)
    0x080001ec   0x080001ec   0x00000000   Code   RO          444    .ARM.Collect$$rtentry$$0000000C  c_w.l(__rtentry2.o)
    0x080001ec   0x080001ec   0x00000008   Code   RO          445    .ARM.Collect$$rtentry$$0000000D  c_w.l(__rtentry2.o)
    0x080001f4   0x080001f4   0x00000002   Code   RO          474    .ARM.Collect$$rtexit$$00000000  c_w.l(rtexit.o)
    0x080001f6   0x080001f6   0x00000000   Code   RO          522    .ARM.Collect$$rtexit$$00000002  c_w.l(rtexit2.o)
    0x080001f6   0x080001f6   0x00000004   Code   RO          523    .ARM.Collect$$rtexit$$00000003  c_w.l(rtexit2.o)
    0x080001fa   0x080001fa   0x00000006   Code   RO          524    .ARM.Collect$$rtexit$$00000004  c_w.l(rtexit2.o)
    0x08000200   0x08000200   0x00000040   Code   RO            4    .text               startup_stm32f10x_cl.o
    0x08000240   0x08000240   0x00000204   Code   RO           10    .text               main.o
    0x08000444   0x08000444   0x00000054   Code   RO           86    .text               stm32f10x_it.o
    0x08000498   0x08000498   0x00000078   Code   RO           98    .text               pbdata.o
    0x08000510   0x08000510   0x00000014   Code   RO          116    .text               bsp.o
    0x08000524   0x08000524   0x0000002c   Code   RO          135    .text               led.o
    0x08000550   0x08000550   0x00000144   Code   RO          166    .text               usart.o
    0x08000694   0x08000694   0x00000678   Code   RO          191    .text               485.o
    0x08000d0c   0x08000d0c   0x000000b0   Code   RO          216    .text               key.o
    0x08000dbc   0x08000dbc   0x000000b8   Code   RO          232    .text               modbus_crc.o
    0x08000e74   0x08000e74   0x000000dc   Code   RO          246    .text               misc.o
    0x08000f50   0x08000f50   0x00000500   Code   RO          258    .text               stm32f10x_rcc.o
    0x08001450   0x08001450   0x0000035c   Code   RO          272    .text               stm32f10x_gpio.o
    0x080017ac   0x080017ac   0x00000408   Code   RO          284    .text               stm32f10x_usart.o
    0x08001bb4   0x08001bb4   0x00000138   Code   RO          345    .text               system_stm32f10x.o
    0x08001cec   0x08001cec   0x00000002   Code   RO          365    .text               c_w.l(use_no_semi_2.o)
    0x08001cee   0x08001cee   0x00000002   PAD
    0x08001cf0   0x08001cf0   0x00000018   Code   RO          369    .text               c_w.l(noretval__2printf.o)
    0x08001d08   0x08001d08   0x00000068   Code   RO          371    .text               c_w.l(__printf.o)
    0x08001d70   0x08001d70   0x00000052   Code   RO          373    .text               c_w.l(_printf_str.o)
    0x08001dc2   0x08001dc2   0x00000002   PAD
    0x08001dc4   0x08001dc4   0x00000078   Code   RO          375    .text               c_w.l(_printf_dec.o)
    0x08001e3c   0x08001e3c   0x00000058   Code   RO          380    .text               c_w.l(_printf_hex_int.o)
    0x08001e94   0x08001e94   0x0000003e   Code   RO          422    .text               c_w.l(strlen.o)
    0x08001ed2   0x08001ed2   0x00000006   Code   RO          424    .text               c_w.l(heapauxi.o)
    0x08001ed8   0x08001ed8   0x00000002   Code   RO          428    .text               c_w.l(use_no_semi.o)
    0x08001eda   0x08001eda   0x000000b2   Code   RO          431    .text               c_w.l(_printf_intcommon.o)
    0x08001f8c   0x08001f8c   0x0000002c   Code   RO          433    .text               c_w.l(_printf_char.o)
    0x08001fb8   0x08001fb8   0x00000024   Code   RO          435    .text               c_w.l(_printf_char_file.o)
    0x08001fdc   0x08001fdc   0x00000030   Code   RO          453    .text               c_w.l(_printf_char_common.o)
    0x0800200c   0x0800200c   0x00000008   Code   RO          455    .text               c_w.l(ferror.o)
    0x08002014   0x08002014   0x0000004a   Code   RO          459    .text               c_w.l(sys_stackheap_outer.o)
    0x0800205e   0x0800205e   0x00000012   Code   RO          463    .text               c_w.l(exit.o)
    0x08002070   0x08002070   0x00000008   Code   RO          471    .text               c_w.l(libspace.o)
    0x08002078   0x08002078   0x00000222   Data   RO          233    .constdata          modbus_crc.o
    0x0800229a   0x0800229a   0x00000028   Data   RO          381    .constdata          c_w.l(_printf_hex_int.o)
    0x080022c2   0x080022c2   0x00000002   PAD
    0x080022c4   0x080022c4   0x00000020   Data   RO          594    Region$$Table       anon$$obj.o


    Execution Region RW_IRAM1 (Exec base: 0x20000000, Load base: 0x080022e4, Size: 0x00000790, Max: 0x00010000, ABSOLUTE)

    Exec Addr    Load Addr    Size         Type   Attr      Idx    E Section Name        Object

    0x20000000   0x080022e4   0x00000004   Data   RW          167    .data               usart.o
    0x20000004   0x080022e8   0x00000008   Data   RW          193    .data               485.o
    0x2000000c   0x080022f0   0x00000001   Data   RW          217    .data               key.o
    0x2000000d   0x080022f1   0x00000014   Data   RW          259    .data               stm32f10x_rcc.o
    0x20000021   0x08002305   0x00000003   PAD
    0x20000024        -       0x00000108   Zero   RW          192    .bss                485.o
    0x2000012c        -       0x00000060   Zero   RW          472    .bss                c_w.l(libspace.o)
    0x2000018c   0x08002305   0x00000004   PAD
    0x20000190        -       0x00000200   Zero   RW            2    HEAP                startup_stm32f10x_cl.o
    0x20000390        -       0x00000400   Zero   RW            1    STACK               startup_stm32f10x_cl.o


==============================================================================

Image component sizes


      Code (inc. data)   RO Data    RW Data    ZI Data      Debug   Object Name

      1656         86          0          8        264       8156   485.o
        20          0          0          0          0        403   bsp.o
       176         14          0          1          0        756   key.o
        44          6          0          0          0     221561   led.o
       516        242          0          0          0     254956   main.o
       220         22          0          0          0       1693   misc.o
       184         12        546          0          0       1974   modbus_crc.o
       120          0          0          0          0        826   pbdata.o
        64         26        336          0       1536        812   startup_stm32f10x_cl.o
       860         38          0          0          0       5629   stm32f10x_gpio.o
        84          4          0          0          0       1826   stm32f10x_it.o
      1280         60          0         20          0      11194   stm32f10x_rcc.o
      1032         22          0          0          0       8352   stm32f10x_usart.o
       312         16          0          0          0       1117   system_stm32f10x.o
       324         10          0          4          0       5121   usart.o

    ----------------------------------------------------------------------
      6892        558        914         36       1800     524376   Object Totals
         0          0         32          0          0          0   (incl. Generated)
         0          0          0          3          0          0   (incl. Padding)

    ----------------------------------------------------------------------

      Code (inc. data)   RO Data    RW Data    ZI Data      Debug   Library Member Name

         8          0          0          0          0         68   __main.o
       104          0          0          0          0         84   __printf.o
         0          0          0          0          0          0   __rtentry.o
        12          0          0          0          0          0   __rtentry2.o
         6          0          0          0          0          0   __rtentry4.o
        52          8          0          0          0          0   __scatter.o
        26          0          0          0          0          0   __scatter_copy.o
        28          0          0          0          0          0   __scatter_zi.o
        44          0          0          0          0        108   _printf_char.o
        48          6          0          0          0         96   _printf_char_common.o
        36          4          0          0          0         80   _printf_char_file.o
         6          0          0          0          0          0   _printf_d.o
       120         16          0          0          0         92   _printf_dec.o
        88          4         40          0          0         88   _printf_hex_int.o
       178          0          0          0          0         88   _printf_intcommon.o
         0          0          0          0          0          0   _printf_percent.o
         4          0          0          0          0          0   _printf_percent_end.o
         6          0          0          0          0          0   _printf_s.o
        82          0          0          0          0         80   _printf_str.o
         6          0          0          0          0          0   _printf_x.o
        18          0          0          0          0         80   exit.o
         8          0          0          0          0         68   ferror.o
         6          0          0          0          0        152   heapauxi.o
         2          0          0          0          0          0   libinit.o
         2          0          0          0          0          0   libinit2.o
         2          0          0          0          0          0   libshutdown.o
         2          0          0          0          0          0   libshutdown2.o
         8          4          0          0         96         68   libspace.o
        24          4          0          0          0         84   noretval__2printf.o
         2          0          0          0          0          0   rtexit.o
        10          0          0          0          0          0   rtexit2.o
        62          0          0          0          0         76   strlen.o
        74          0          0          0          0         80   sys_stackheap_outer.o
         2          0          0          0          0         68   use_no_semi.o
         2          0          0          0          0         68   use_no_semi_2.o

    ----------------------------------------------------------------------
      1084         46         42          0        100       1528   Library Totals
         6          0          2          0          4          0   (incl. Padding)

    ----------------------------------------------------------------------

      Code (inc. data)   RO Data    RW Data    ZI Data      Debug   Library Name

      1078         46         40          0         96       1528   c_w.l

    ----------------------------------------------------------------------
      1084         46         42          0        100       1528   Library Totals

    ----------------------------------------------------------------------

==============================================================================


      Code (inc. data)   RO Data    RW Data    ZI Data      Debug   

      7976        604        956         36       1900     524132   Grand Totals
      7976        604        956         36       1900     524132   ELF Image Totals
      7976        604        956         36          0          0   ROM Totals

==============================================================================

    Total RO  Size (Code + RO Data)                 8932 (   8.72kB)
    Total RW  Size (RW Data + ZI Data)              1936 (   1.89kB)
    Total ROM Size (Code + RO Data + RW Data)       8968 (   8.76kB)

==============================================================================

